Archive member included to satisfy reference by file (symbol)

C:/ST/STM32CubeIDE_1.14.0/STM32CubeIDE/plugins/com.st.stm32cube.ide.mcu.externaltools.gnu-tools-for-stm32.11.3.rel1.win32_1.1.100.202309141235/tools/bin/../lib/gcc/arm-none-eabi/11.3.1/../../../../arm-none-eabi/lib/thumb/v7e-m+fp/hard\libc_nano.a(libc_a-exit.o)
                              C:/ST/STM32CubeIDE_1.14.0/STM32CubeIDE/plugins/com.st.stm32cube.ide.mcu.externaltools.gnu-tools-for-stm32.11.3.rel1.win32_1.1.100.202309141235/tools/bin/../lib/gcc/arm-none-eabi/11.3.1/../../../../arm-none-eabi/lib/thumb/v7e-m+fp/hard/crt0.o (exit)
C:/ST/STM32CubeIDE_1.14.0/STM32CubeIDE/plugins/com.st.stm32cube.ide.mcu.externaltools.gnu-tools-for-stm32.11.3.rel1.win32_1.1.100.202309141235/tools/bin/../lib/gcc/arm-none-eabi/11.3.1/../../../../arm-none-eabi/lib/thumb/v7e-m+fp/hard\libc_nano.a(libc_a-findfp.o)
                              C:/ST/STM32CubeIDE_1.14.0/STM32CubeIDE/plugins/com.st.stm32cube.ide.mcu.externaltools.gnu-tools-for-stm32.11.3.rel1.win32_1.1.100.202309141235/tools/bin/../lib/gcc/arm-none-eabi/11.3.1/../../../../arm-none-eabi/lib/thumb/v7e-m+fp/hard\libc_nano.a(libc_a-exit.o) (__stdio_exit_handler)
C:/ST/STM32CubeIDE_1.14.0/STM32CubeIDE/plugins/com.st.stm32cube.ide.mcu.externaltools.gnu-tools-for-stm32.11.3.rel1.win32_1.1.100.202309141235/tools/bin/../lib/gcc/arm-none-eabi/11.3.1/../../../../arm-none-eabi/lib/thumb/v7e-m+fp/hard\libc_nano.a(libc_a-fwalk.o)
                              C:/ST/STM32CubeIDE_1.14.0/STM32CubeIDE/plugins/com.st.stm32cube.ide.mcu.externaltools.gnu-tools-for-stm32.11.3.rel1.win32_1.1.100.202309141235/tools/bin/../lib/gcc/arm-none-eabi/11.3.1/../../../../arm-none-eabi/lib/thumb/v7e-m+fp/hard\libc_nano.a(libc_a-findfp.o) (_fwalk_sglue)
C:/ST/STM32CubeIDE_1.14.0/STM32CubeIDE/plugins/com.st.stm32cube.ide.mcu.externaltools.gnu-tools-for-stm32.11.3.rel1.win32_1.1.100.202309141235/tools/bin/../lib/gcc/arm-none-eabi/11.3.1/../../../../arm-none-eabi/lib/thumb/v7e-m+fp/hard\libc_nano.a(libc_a-stdio.o)
                              C:/ST/STM32CubeIDE_1.14.0/STM32CubeIDE/plugins/com.st.stm32cube.ide.mcu.externaltools.gnu-tools-for-stm32.11.3.rel1.win32_1.1.100.202309141235/tools/bin/../lib/gcc/arm-none-eabi/11.3.1/../../../../arm-none-eabi/lib/thumb/v7e-m+fp/hard\libc_nano.a(libc_a-findfp.o) (__sread)
C:/ST/STM32CubeIDE_1.14.0/STM32CubeIDE/plugins/com.st.stm32cube.ide.mcu.externaltools.gnu-tools-for-stm32.11.3.rel1.win32_1.1.100.202309141235/tools/bin/../lib/gcc/arm-none-eabi/11.3.1/../../../../arm-none-eabi/lib/thumb/v7e-m+fp/hard\libc_nano.a(libc_a-memset.o)
                              C:/ST/STM32CubeIDE_1.14.0/STM32CubeIDE/plugins/com.st.stm32cube.ide.mcu.externaltools.gnu-tools-for-stm32.11.3.rel1.win32_1.1.100.202309141235/tools/bin/../lib/gcc/arm-none-eabi/11.3.1/../../../../arm-none-eabi/lib/thumb/v7e-m+fp/hard/crt0.o (memset)
C:/ST/STM32CubeIDE_1.14.0/STM32CubeIDE/plugins/com.st.stm32cube.ide.mcu.externaltools.gnu-tools-for-stm32.11.3.rel1.win32_1.1.100.202309141235/tools/bin/../lib/gcc/arm-none-eabi/11.3.1/../../../../arm-none-eabi/lib/thumb/v7e-m+fp/hard\libc_nano.a(libc_a-closer.o)
                              C:/ST/STM32CubeIDE_1.14.0/STM32CubeIDE/plugins/com.st.stm32cube.ide.mcu.externaltools.gnu-tools-for-stm32.11.3.rel1.win32_1.1.100.202309141235/tools/bin/../lib/gcc/arm-none-eabi/11.3.1/../../../../arm-none-eabi/lib/thumb/v7e-m+fp/hard\libc_nano.a(libc_a-stdio.o) (_close_r)
C:/ST/STM32CubeIDE_1.14.0/STM32CubeIDE/plugins/com.st.stm32cube.ide.mcu.externaltools.gnu-tools-for-stm32.11.3.rel1.win32_1.1.100.202309141235/tools/bin/../lib/gcc/arm-none-eabi/11.3.1/../../../../arm-none-eabi/lib/thumb/v7e-m+fp/hard\libc_nano.a(libc_a-reent.o)
                              C:/ST/STM32CubeIDE_1.14.0/STM32CubeIDE/plugins/com.st.stm32cube.ide.mcu.externaltools.gnu-tools-for-stm32.11.3.rel1.win32_1.1.100.202309141235/tools/bin/../lib/gcc/arm-none-eabi/11.3.1/../../../../arm-none-eabi/lib/thumb/v7e-m+fp/hard\libc_nano.a(libc_a-closer.o) (errno)
C:/ST/STM32CubeIDE_1.14.0/STM32CubeIDE/plugins/com.st.stm32cube.ide.mcu.externaltools.gnu-tools-for-stm32.11.3.rel1.win32_1.1.100.202309141235/tools/bin/../lib/gcc/arm-none-eabi/11.3.1/../../../../arm-none-eabi/lib/thumb/v7e-m+fp/hard\libc_nano.a(libc_a-impure.o)
                              C:/ST/STM32CubeIDE_1.14.0/STM32CubeIDE/plugins/com.st.stm32cube.ide.mcu.externaltools.gnu-tools-for-stm32.11.3.rel1.win32_1.1.100.202309141235/tools/bin/../lib/gcc/arm-none-eabi/11.3.1/../../../../arm-none-eabi/lib/thumb/v7e-m+fp/hard\libc_nano.a(libc_a-reent.o) (_impure_ptr)
C:/ST/STM32CubeIDE_1.14.0/STM32CubeIDE/plugins/com.st.stm32cube.ide.mcu.externaltools.gnu-tools-for-stm32.11.3.rel1.win32_1.1.100.202309141235/tools/bin/../lib/gcc/arm-none-eabi/11.3.1/../../../../arm-none-eabi/lib/thumb/v7e-m+fp/hard\libc_nano.a(libc_a-lseekr.o)
[...]
Memory Configuration

Name             Origin             Length             Attributes
RAM              0x0000000020000000 0x0000000000018000 xrw
RAM2             0x0000000010000000 0x0000000000008000 xrw
FLASH            0x0000000008000000 0x0000000000100000 xr
*default*        0x0000000000000000 0xffffffffffffffff

Linker script and memory map

LOAD C:/ST/STM32CubeIDE_1.14.0/STM32CubeIDE/plugins/com.st.stm32cube.ide.mcu.externaltools.gnu-tools-for-stm32.11.3.rel1.win32_1.1.100.202309141235/tools/bin/../lib/gcc/arm-none-eabi/11.3.1/thumb/v7e-m+fp/hard/crti.o
LOAD C:/ST/STM32CubeIDE_1.14.0/STM32CubeIDE/plugins/com.st.stm32cube.ide.mcu.externaltools.gnu-tools-for-stm32.11.3.rel1.win32_1.1.100.202309141235/tools/bin/../lib/gcc/arm-none-eabi/11.3.1/thumb/v7e-m+fp/hard/crtbegin.o
LOAD C:/ST/STM32CubeIDE_1.14.0/STM32CubeIDE/plugins/com.st.stm32cube.ide.mcu.externaltools.gnu-tools-for-stm32.11.3.rel1.win32_1.1.100.202309141235/tools/bin/../lib/gcc/arm-none-eabi/11.3.1/../../../../arm-none-eabi/lib/thumb/v7e-m+fp/hard/crt0.o
LOAD ./Core/Src/CVSequencer.o
LOAD ./Core/Src/DisplayPattern.o
LOAD ./Core/Src/Sequencer.o
LOAD ./Core/Src/Track.o
LOAD ./Core/Src/Utils.o
LOAD ./Core/Src/main.o
LOAD ./Core/Src/stm32l4xx_hal_msp.o
LOAD ./Core/Src/stm32l4xx_it.o
LOAD ./Core/Src/syscalls.o
LOAD ./Core/Src/sysmem.o
LOAD ./Core/Src/system_stm32l4xx.o
LOAD ./Core/Startup/startup_stm32l476rgtx.o
LOAD ./Drivers/STM32L4xx_HAL_Driver/Src/stm32l4xx_hal.o
LOAD ./Drivers/STM32L4xx_HAL_Driver/Src/stm32l4xx_hal_adc.o
LOAD ./Drivers/STM32L4xx_HAL_Driver/Src/stm32l4xx_hal_adc_ex.o
LOAD ./Drivers/STM32L4xx_HAL_Driver/Src/stm32l4xx_hal_cortex.o
LOAD ./Drivers/STM32L4xx_HAL_Driver/Src/stm32l4xx_hal_dac.o
LOAD ./Drivers/STM32L4xx_HAL_Driver/Src/stm32l4xx_hal_dac_ex.o
LOAD ./Drivers/STM32L4xx_HAL_Driver/Src/stm32l4xx_hal_dma.o
LOAD ./Drivers/STM32L4xx_HAL_Driver/Src/stm32l4xx_hal_dma_ex.o
LOAD ./Drivers/STM32L4xx_HAL_Driver/Src/stm32l4xx_hal_exti.o
LOAD ./Drivers/STM32L4xx_HAL_Driver/Src/stm32l4xx_hal_flash.o
LOAD ./Drivers/STM32L4xx_HAL_Driver/Src/stm32l4xx_hal_flash_ex.o
LOAD ./Drivers/STM32L4xx_HAL_Driver/Src/stm32l4xx_hal_flash_ramfunc.o
LOAD ./Drivers/STM32L4xx_HAL_Driver/Src/stm32l4xx_hal_gpio.o
LOAD ./Drivers/STM32L4xx_HAL_Driver/Src/stm32l4xx_hal_i2c.o
LOAD ./Drivers/STM32L4xx_HAL_Driver/Src/stm32l4xx_hal_i2c_ex.o
LOAD ./Drivers/STM32L4xx_HAL_Driver/Src/stm32l4xx_hal_pwr.o
LOAD ./Drivers/STM32L4xx_HAL_Driver/Src/stm32l4xx_hal_pwr_ex.o
LOAD ./Drivers/STM32L4xx_HAL_Driver/Src/stm32l4xx_hal_rcc.o
LOAD ./Drivers/STM32L4xx_HAL_Driver/Src/stm32l4xx_hal_rcc_ex.o
LOAD ./Drivers/STM32L4xx_HAL_Driver/Src/stm32l4xx_hal_tim.o
LOAD ./Drivers/STM32L4xx_HAL_Driver/Src/stm32l4xx_hal_tim_ex.o
START GROUP
LOAD C:/ST/STM32CubeIDE_1.14.0/STM32CubeIDE/plugins/com.st.stm32cube.ide.mcu.externaltools.gnu-tools-for-stm32.11.3.rel1.win32_1.1.100.202309141235/tools/bin/../lib/gcc/arm-none-eabi/11.3.1/../../../../arm-none-eabi/lib/thumb/v7e-m+fp/hard\libc_nano.a
LOAD C:/ST/STM32CubeIDE_1.14.0/STM32CubeIDE/plugins/com.st.stm32cube.ide.mcu.externaltools.gnu-tools-for-stm32.11.3.rel1.win32_1.1.100.202309141235/tools/bin/../lib/gcc/arm-none-eabi/11.3.1/../../../../arm-none-eabi/lib/thumb/v7e-m+fp/hard\libm.a
END GROUP
START GROUP
LOAD C:/ST/STM32CubeIDE_1.14.0/STM32CubeIDE/plugins/com.st.stm32cube.ide.mcu.externaltools.gnu-tools-for-stm32.11.3.rel1.win32_1.1.100.202309141235/tools/bin/../lib/gcc/arm-none-eabi/11.3.1/thumb/v7e-m+fp/hard\libgcc.a
LOAD C:/ST/STM32CubeIDE_1.14.0/STM32CubeIDE/plugins/com.st.stm32cube.ide.mcu.externaltools.gnu-tools-for-stm32.11.3.rel1.win32_1.1.100.202309141235/tools/bin/../lib/gcc/arm-none-eabi/11.3.1/../../../../arm-none-eabi/lib/thumb/v7e-m+fp/hard\libc_nano.a
END GROUP
START GROUP
LOAD C:/ST/STM32CubeIDE_1.14.0/STM32CubeIDE/plugins/com.st.stm32cube.ide.mcu.externaltools.gnu-tools-for-stm32.11.3.rel1.win32_1.1.100.202309141235/tools/bin/../lib/gcc/arm-none-eabi/11.3.1/thumb/v7e-m+fp/hard\libgcc.a
LOAD C:/ST/STM32CubeIDE_1.14.0/STM32CubeIDE/plugins/com.st.stm32cube.ide.mcu.externaltools.gnu-tools-for-stm32.11.3.rel1.win32_1.1.100.202309141235/tools/bin/../lib/gcc/arm-none-eabi/11.3.1/../../../../arm-none-eabi/lib/thumb/v7e-m+fp/hard\libc_nano.a
LOAD C:/ST/STM32CubeIDE_1.14.0/STM32CubeIDE/plugins/com.st.stm32cube.ide.mcu.externaltools.gnu-tools-for-stm32.11.3.rel1.win32_1.1.100.202309141235/tools/bin/../lib/gcc/arm-none-eabi/11.3.1/../../../../arm-none-eabi/lib/thumb/v7e-m+fp/hard\libnosys.a
END GROUP
START GROUP
LOAD C:/ST/STM32CubeIDE_1.14.0/STM32CubeIDE/plugins/com.st.stm32cube.ide.mcu.externaltools.gnu-tools-for-stm32.11.3.rel1.win32_1.1.100.202309141235/tools/bin/../lib/gcc/arm-none-eabi/11.3.1/thumb/v7e-m+fp/hard\libgcc.a
LOAD C:/ST/STM32CubeIDE_1.14.0/STM32CubeIDE/plugins/com.st.stm32cube.ide.mcu.externaltools.gnu-tools-for-stm32.11.3.rel1.win32_1.1.100.202309141235/tools/bin/../lib/gcc/arm-none-eabi/11.3.1/../../../../arm-none-eabi/lib/thumb/v7e-m+fp/hard\libc_nano.a
LOAD C:/ST/STM32CubeIDE_1.14.0/STM32CubeIDE/plugins/com.st.stm32cube.ide.mcu.externaltools.gnu-tools-for-stm32.11.3.rel1.win32_1.1.100.202309141235/tools/bin/../lib/gcc/arm-none-eabi/11.3.1/../../../../arm-none-eabi/lib/thumb/v7e-m+fp/hard\libnosys.a
END GROUP
LOAD C:/ST/STM32CubeIDE_1.14.0/STM32CubeIDE/plugins/com.st.stm32cube.ide.mcu.externaltools.gnu-tools-for-stm32.11.3.rel1.win32_1.1.100.202309141235/tools/bin/../lib/gcc/arm-none-eabi/11.3.1/thumb/v7e-m+fp/hard/crtend.o
LOAD C:/ST/STM32CubeIDE_1.14.0/STM32CubeIDE/plugins/com.st.stm32cube.ide.mcu.externaltools.gnu-tools-for-stm32.11.3.rel1.win32_1.1.100.202309141235/tools/bin/../lib/gcc/arm-none-eabi/11.3.1/thumb/v7e-m+fp/hard/crtn.o
                0x0000000020018000                _estack = (ORIGIN (RAM) + LENGTH (RAM))
                0x0000000000000200                _Min_Heap_Size = 0x200
                0x0000000000000400                _Min_Stack_Size = 0x400

.isr_vector     0x0000000008000000      0x188
                0x0000000008000000                . = ALIGN (0x4)
 *(.isr_vector)
 .isr_vector    0x0000000008000000      0x188 ./Core/Startup/startup_stm32l476rgtx.o
                0x0000000008000000                g_pfnVectors
                0x0000000008000188                . = ALIGN (0x4)

.text           0x0000000008000188     0x6e3c
                0x0000000008000188                . = ALIGN (0x4)
 *(.text)
 .text          0x0000000008000188       0x40 C:/ST/STM32CubeIDE_1.14.0/STM32CubeIDE/plugins/com.st.stm32cube.ide.mcu.externaltools.gnu-tools-for-stm32.11.3.rel1.win32_1.1.100.202309141235/tools/bin/../lib/gcc/arm-none-eabi/11.3.1/thumb/v7e-m+fp/hard/crtbegin.o
 .text          0x00000000080001c8      0x378 C:/ST/STM32CubeIDE_1.14.0/STM32CubeIDE/plugins/com.st.stm32cube.ide.mcu.externaltools.gnu-tools-for-stm32.11.3.rel1.win32_1.1.100.202309141235/tools/bin/../lib/gcc/arm-none-eabi/11.3.1/thumb/v7e-m+fp/hard\libgcc.a(_arm_addsubdf3.o)
                0x00000000080001c8                __aeabi_drsub
                0x00000000080001d0                __aeabi_dsub
                0x00000000080001d0                __subdf3
                0x00000000080001d4                __aeabi_dadd
                0x00000000080001d4                __adddf3
                0x000000000800044c                __floatunsidf
                0x000000000800044c                __aeabi_ui2d
                0x000000000800046c                __floatsidf
                0x000000000800046c                __aeabi_i2d
                0x0000000008000490                __aeabi_f2d
                0x0000000008000490                __extendsfdf2
                0x00000000080004d4                __floatundidf
                0x00000000080004d4                __aeabi_ul2d
                0x00000000080004e4                __floatdidf
                0x00000000080004e4                __aeabi_l2d
 .text          0x0000000008000540      0x424 C:/ST/STM32CubeIDE_1.14.0/STM32CubeIDE/plugins/com.st.stm32cube.ide.mcu.externaltools.gnu-tools-for-stm32.11.3.rel1.win32_1.1.100.202309141235/tools/bin/../lib/gcc/arm-none-eabi/11.3.1/thumb/v7e-m+fp/hard\libgcc.a(_arm_muldivdf3.o)
                0x0000000008000540                __aeabi_dmul
                0x0000000008000540                __muldf3
                0x0000000008000794                __divdf3
                0x0000000008000794                __aeabi_ddiv
 .text          0x0000000008000964      0x110 C:/ST/STM32CubeIDE_1.14.0/STM32CubeIDE/plugins/com.st.stm32cube.ide.mcu.externaltools.gnu-tools-for-stm32.11.3.rel1.win32_1.1.100.202309141235/tools/bin/../lib/gcc/arm-none-eabi/11.3.1/thumb/v7e-m+fp/hard\libgcc.a(_arm_cmpdf2.o)
                0x0000000008000964                __gtdf2
                0x0000000008000964                __gedf2
                0x000000000800096c                __ltdf2
                0x000000000800096c                __ledf2
                0x0000000008000974                __nedf2
                0x0000000008000974                __eqdf2
                0x0000000008000974                __cmpdf2
                0x00000000080009f0                __aeabi_cdrcmple
                0x0000000008000a00                __aeabi_cdcmpeq
                0x0000000008000a00                __aeabi_cdcmple
                0x0000000008000a10                __aeabi_dcmpeq
                0x0000000008000a24                __aeabi_dcmplt
                0x0000000008000a38                __aeabi_dcmple
                0x0000000008000a4c                __aeabi_dcmpge
                0x0000000008000a60                __aeabi_dcmpgt
 .text          0x0000000008000a74       0x2c C:/ST/STM32CubeIDE_1.14.0/STM32CubeIDE/plugins/com.st.stm32cube.ide.mcu.externaltools.gnu-tools-for-stm32.11.3.rel1.win32_1.1.100.202309141235/tools/bin/../lib/gcc/arm-none-eabi/11.3.1/thumb/v7e-m+fp/hard\libgcc.a(_arm_unorddf2.o)
                0x0000000008000a74                __unorddf2
                0x0000000008000a74                __aeabi_dcmpun
 .text          0x0000000008000aa0       0x50 C:/ST/STM32CubeIDE_1.14.0/STM32CubeIDE/plugins/com.st.stm32cube.ide.mcu.externaltools.gnu-tools-for-stm32.11.3.rel1.win32_1.1.100.202309141235/tools/bin/../lib/gcc/arm-none-eabi/11.3.1/thumb/v7e-m+fp/hard\libgcc.a(_arm_fixdfsi.o)
                0x0000000008000aa0                __aeabi_d2iz
                0x0000000008000aa0                __fixdfsi
 *(.text*)
 .text.CVSeq_initCVSequencer
                0x0000000008000af0       0x7a ./Core/Src/CVSequencer.o
                0x0000000008000af0                CVSeq_initCVSequencer
 .text.CVSeq_updateCVValue
                0x0000000008000b6a       0x7a ./Core/Src/CVSequencer.o
                0x0000000008000b6a                CVSeq_updateCVValue
 .text.DisplayPattern
                0x0000000008000be4       0xe0 ./Core/Src/DisplayPattern.o
                0x0000000008000be4                DisplayPattern
 .text.Seq_initSequencer
                0x0000000008000cc4      0x146 ./Core/Src/Sequencer.o
                0x0000000008000cc4                Seq_initSequencer
 .text.Seq_IncrementBPMDisplay
                0x0000000008000e0a       0x3a ./Core/Src/Sequencer.o
                0x0000000008000e0a                Seq_IncrementBPMDisplay
 .text.Seq_DecrementBPMDisplay
                0x0000000008000e44       0x56 ./Core/Src/Sequencer.o
                0x0000000008000e44                Seq_DecrementBPMDisplay
 .text.Seq_IncrementModeDisplay
                0x0000000008000e9a       0x3a ./Core/Src/Sequencer.o
                0x0000000008000e9a                Seq_IncrementModeDisplay
 .text.Seq_ResetModeDisplay
                0x0000000008000ed4       0x52 ./Core/Src/Sequencer.o
                0x0000000008000ed4                Seq_ResetModeDisplay
 *fill*         0x0000000008000f26        0x2 
 .text.Seq_ChangeMode
                0x0000000008000f28       0xe4 ./Core/Src/Sequencer.o
                0x0000000008000f28                Seq_ChangeMode
 .text.Seq_modifyBPM
                0x000000000800100c       0xc6 ./Core/Src/Sequencer.o
                0x000000000800100c                Seq_modifyBPM
 .text.Seq_updateBPM
                0x00000000080010d2       0x44 ./Core/Src/Sequencer.o
                0x00000000080010d2                Seq_updateBPM
 .text.Seq_Error_Handler
                0x0000000008001116        0xa ./Core/Src/Sequencer.o
                0x0000000008001116                Seq_Error_Handler
 .text.Seq_computeTriggers
                0x0000000008001120       0xcc ./Core/Src/Sequencer.o
                0x0000000008001120                Seq_computeTriggers
 .text.Seq_Trigger
                0x00000000080011ec       0x66 ./Core/Src/Sequencer.o
                0x00000000080011ec                Seq_Trigger
 *fill*         0x0000000008001252        0x2 
 .text.Seq_TracksExternalInterruption
                0x0000000008001254       0x68 ./Core/Src/Sequencer.o
                0x0000000008001254                Seq_TracksExternalInterruption
 .text.Seq_updateSteps
                0x00000000080012bc       0x40 ./Core/Src/Sequencer.o
                0x00000000080012bc                Seq_updateSteps
 .text.Seq_updateHits
                0x00000000080012fc       0x40 ./Core/Src/Sequencer.o
                0x00000000080012fc                Seq_updateHits
 .text.Seq_offsetPattern
                0x000000000800133c       0x40 ./Core/Src/Sequencer.o
                0x000000000800133c                Seq_offsetPattern
 .text.Seq_updateSubdivision
                0x000000000800137c       0x40 ./Core/Src/Sequencer.o
                0x000000000800137c                Seq_updateSubdivision
 .text.Seq_resetTriggers
                0x00000000080013bc       0xe0 ./Core/Src/Sequencer.o
                0x00000000080013bc                Seq_resetTriggers
 .text.Track_initTrack
                0x000000000800149c       0xba ./Core/Src/Track.o
                0x000000000800149c                Track_initTrack
 .text.Track_TriggerNextBeat
                0x0000000008001556       0x42 ./Core/Src/Track.o
                0x0000000008001556                Track_TriggerNextBeat
 .text.Track_updatePattern
                0x0000000008001598       0x6e ./Core/Src/Track.o
                0x0000000008001598                Track_updatePattern
 .text.Track_updateSteps
                0x0000000008001606       0x82 ./Core/Src/Track.o
                0x0000000008001606                Track_updateSteps
 .text.Track_updateHits
                0x0000000008001688       0x86 ./Core/Src/Track.o
                0x0000000008001688                Track_updateHits
 .text.Track_offsetPattern
                0x000000000800170e       0x82 ./Core/Src/Track.o
                0x000000000800170e                Track_offsetPattern
 .text.Track_updateSubdivision
                0x0000000008001790       0x90 ./Core/Src/Track.o
                0x0000000008001790                Track_updateSubdivision
 .text.Track_TogglePin
                0x0000000008001820       0x80 ./Core/Src/Track.o
                0x0000000008001820                Track_TogglePin
 .text.Utils_concatenatePatterns
                0x00000000080018a0       0x80 ./Core/Src/Utils.o
                0x00000000080018a0                Utils_concatenatePatterns
 .text.Utils_computePattern
                0x0000000008001920       0xcc ./Core/Src/Utils.o
                0x0000000008001920                Utils_computePattern
 .text.Utils_boolToPinState
                0x00000000080019ec       0x18 ./Core/Src/Utils.o
                0x00000000080019ec                Utils_boolToPinState
 .text.main     0x0000000008001a04      0x3cc ./Core/Src/main.o
                0x0000000008001a04                main
 .text.SystemClock_Config
                0x0000000008001dd0       0xa4 ./Core/Src/main.o
                0x0000000008001dd0                SystemClock_Config
 .text.PeriphCommonClock_Config
                0x0000000008001e74       0x56 ./Core/Src/main.o
                0x0000000008001e74                PeriphCommonClock_Config
 *fill*         0x0000000008001eca        0x2 
 .text.MX_ADC1_Init
                0x0000000008001ecc       0xec ./Core/Src/main.o
 .text.MX_ADC2_Init
                0x0000000008001fb8       0xc8 ./Core/Src/main.o
 .text.MX_DAC1_Init
                0x0000000008002080       0x78 ./Core/Src/main.o
 .text.MX_TIM6_Init
                0x00000000080020f8       0x6c ./Core/Src/main.o
 .text.MX_DMA_Init
                0x0000000008002164       0x6c ./Core/Src/main.o
 .text.MX_GPIO_Init
                0x00000000080021d0      0x2b8 ./Core/Src/main.o
 .text.HAL_TIM_PeriodElapsedCallback
                0x0000000008002488       0x28 ./Core/Src/main.o
                0x0000000008002488                HAL_TIM_PeriodElapsedCallback
 .text.HAL_GPIO_EXTI_Callback
                0x00000000080024b0       0x74 ./Core/Src/main.o
                0x00000000080024b0                HAL_GPIO_EXTI_Callback
 .text.Error_Handler
                0x0000000008002524        0xa ./Core/Src/main.o
                0x0000000008002524                Error_Handler
 *fill*         0x000000000800252e        0x2 
 .text.HAL_MspInit
                0x0000000008002530       0x48 ./Core/Src/stm32l4xx_hal_msp.o
                0x0000000008002530                HAL_MspInit
 .text.HAL_ADC_MspInit
                0x0000000008002578      0x1f4 ./Core/Src/stm32l4xx_hal_msp.o
                0x0000000008002578                HAL_ADC_MspInit
 .text.HAL_DAC_MspInit
                0x000000000800276c      0x150 ./Core/Src/stm32l4xx_hal_msp.o
                0x000000000800276c                HAL_DAC_MspInit
 .text.HAL_TIM_Base_MspInit
                0x00000000080028bc       0x4c ./Core/Src/stm32l4xx_hal_msp.o
                0x00000000080028bc                HAL_TIM_Base_MspInit
 .text.NMI_Handler
                0x0000000008002908        0x6 ./Core/Src/stm32l4xx_it.o
                0x0000000008002908                NMI_Handler
 .text.HardFault_Handler
                0x000000000800290e        0x6 ./Core/Src/stm32l4xx_it.o
                0x000000000800290e                HardFault_Handler
 .text.MemManage_Handler
                0x0000000008002914        0x6 ./Core/Src/stm32l4xx_it.o
                0x0000000008002914                MemManage_Handler
 .text.BusFault_Handler
                0x000000000800291a        0x6 ./Core/Src/stm32l4xx_it.o
                0x000000000800291a                BusFault_Handler
 .text.UsageFault_Handler
                0x0000000008002920        0x6 ./Core/Src/stm32l4xx_it.o
                0x0000000008002920                UsageFault_Handler
 .text.SVC_Handler
                0x0000000008002926        0xe ./Core/Src/stm32l4xx_it.o
                0x0000000008002926                SVC_Handler
 .text.DebugMon_Handler
                0x0000000008002934        0xe ./Core/Src/stm32l4xx_it.o
                0x0000000008002934                DebugMon_Handler
 .text.PendSV_Handler
                0x0000000008002942        0xe ./Core/Src/stm32l4xx_it.o
                0x0000000008002942                PendSV_Handler
 .text.SysTick_Handler
                0x0000000008002950        0xc ./Core/Src/stm32l4xx_it.o
                0x0000000008002950                SysTick_Handler
 .text.EXTI2_IRQHandler
                0x000000000800295c        0xe ./Core/Src/stm32l4xx_it.o
                0x000000000800295c                EXTI2_IRQHandler
 .text.EXTI3_IRQHandler
                0x000000000800296a        0xe ./Core/Src/stm32l4xx_it.o
                0x000000000800296a                EXTI3_IRQHandler
 .text.EXTI4_IRQHandler
                0x0000000008002978        0xe ./Core/Src/stm32l4xx_it.o
                0x0000000008002978                EXTI4_IRQHandler
 *fill*         0x0000000008002986        0x2 
 .text.DMA1_Channel1_IRQHandler
                0x0000000008002988       0x14 ./Core/Src/stm32l4xx_it.o
                0x0000000008002988                DMA1_Channel1_IRQHandler
 .text.DMA1_Channel2_IRQHandler
                0x000000000800299c       0x14 ./Core/Src/stm32l4xx_it.o
                0x000000000800299c                DMA1_Channel2_IRQHandler
 .text.DMA1_Channel3_IRQHandler
                0x00000000080029b0       0x14 ./Core/Src/stm32l4xx_it.o
                0x00000000080029b0                DMA1_Channel3_IRQHandler
 .text.DMA1_Channel4_IRQHandler
                0x00000000080029c4       0x14 ./Core/Src/stm32l4xx_it.o
                0x00000000080029c4                DMA1_Channel4_IRQHandler
 .text.EXTI9_5_IRQHandler
                0x00000000080029d8       0x14 ./Core/Src/stm32l4xx_it.o
                0x00000000080029d8                EXTI9_5_IRQHandler
 .text.EXTI15_10_IRQHandler
                0x00000000080029ec       0x28 ./Core/Src/stm32l4xx_it.o
                0x00000000080029ec                EXTI15_10_IRQHandler
 .text.TIM6_DAC_IRQHandler
                0x0000000008002a14       0x1c ./Core/Src/stm32l4xx_it.o
                0x0000000008002a14                TIM6_DAC_IRQHandler
 .text.SystemInit
                0x0000000008002a30       0x24 ./Core/Src/system_stm32l4xx.o
                0x0000000008002a30                SystemInit
 .text.Reset_Handler
                0x0000000008002a54       0x50 ./Core/Startup/startup_stm32l476rgtx.o
                0x0000000008002a54                Reset_Handler
 .text.Default_Handler
                0x0000000008002aa4        0x2 ./Core/Startup/startup_stm32l476rgtx.o
                0x0000000008002aa4                RTC_Alarm_IRQHandler
                0x0000000008002aa4                TIM8_TRG_COM_IRQHandler
                0x0000000008002aa4                TIM8_CC_IRQHandler
                0x0000000008002aa4                TIM1_CC_IRQHandler
                0x0000000008002aa4                TSC_IRQHandler
                0x0000000008002aa4                TAMP_STAMP_IRQHandler
                0x0000000008002aa4                LPTIM2_IRQHandler
                0x0000000008002aa4                DFSDM1_FLT1_IRQHandler
                0x0000000008002aa4                I2C3_ER_IRQHandler
                0x0000000008002aa4                DFSDM1_FLT2_IRQHandler
                0x0000000008002aa4                EXTI0_IRQHandler
                0x0000000008002aa4                I2C2_EV_IRQHandler
                0x0000000008002aa4                CAN1_RX0_IRQHandler
                0x0000000008002aa4                FPU_IRQHandler
                0x0000000008002aa4                TIM1_UP_TIM16_IRQHandler
                0x0000000008002aa4                ADC1_2_IRQHandler
                0x0000000008002aa4                SPI1_IRQHandler
                0x0000000008002aa4                TIM8_UP_IRQHandler
                0x0000000008002aa4                DMA2_Channel2_IRQHandler
                0x0000000008002aa4                SAI2_IRQHandler
                0x0000000008002aa4                DFSDM1_FLT3_IRQHandler
                0x0000000008002aa4                USART3_IRQHandler
                0x0000000008002aa4                DMA1_Channel7_IRQHandler
                0x0000000008002aa4                CAN1_RX1_IRQHandler
                0x0000000008002aa4                LCD_IRQHandler
                0x0000000008002aa4                UART5_IRQHandler
                0x0000000008002aa4                ADC3_IRQHandler
                0x0000000008002aa4                TIM4_IRQHandler
                0x0000000008002aa4                DMA2_Channel1_IRQHandler
                0x0000000008002aa4                QUADSPI_IRQHandler
                0x0000000008002aa4                I2C1_EV_IRQHandler
                0x0000000008002aa4                DMA1_Channel6_IRQHandler
                0x0000000008002aa4                UART4_IRQHandler
                0x0000000008002aa4                DMA2_Channel4_IRQHandler
                0x0000000008002aa4                TIM3_IRQHandler
                0x0000000008002aa4                RCC_IRQHandler
                0x0000000008002aa4                Default_Handler
                0x0000000008002aa4                DMA2_Channel7_IRQHandler
                0x0000000008002aa4                TIM7_IRQHandler
                0x0000000008002aa4                SDMMC1_IRQHandler
                0x0000000008002aa4                TIM5_IRQHandler
                0x0000000008002aa4                I2C3_EV_IRQHandler
                0x0000000008002aa4                RTC_WKUP_IRQHandler
                0x0000000008002aa4                PVD_PVM_IRQHandler
                0x0000000008002aa4                SPI2_IRQHandler
                0x0000000008002aa4                CAN1_TX_IRQHandler
                0x0000000008002aa4                DMA2_Channel5_IRQHandler
                0x0000000008002aa4                DMA1_Channel5_IRQHandler
                0x0000000008002aa4                RNG_IRQHandler
                0x0000000008002aa4                TIM1_TRG_COM_TIM17_IRQHandler
                0x0000000008002aa4                COMP_IRQHandler
                0x0000000008002aa4                WWDG_IRQHandler
                0x0000000008002aa4                LPUART1_IRQHandler
                0x0000000008002aa4                DMA2_Channel6_IRQHandler
                0x0000000008002aa4                TIM2_IRQHandler
                0x0000000008002aa4                EXTI1_IRQHandler
                0x0000000008002aa4                USART2_IRQHandler
                0x0000000008002aa4                DFSDM1_FLT0_IRQHandler
                0x0000000008002aa4                I2C2_ER_IRQHandler
                0x0000000008002aa4                TIM8_BRK_IRQHandler
                0x0000000008002aa4                CAN1_SCE_IRQHandler
                0x0000000008002aa4                FLASH_IRQHandler
                0x0000000008002aa4                USART1_IRQHandler
                0x0000000008002aa4                OTG_FS_IRQHandler
                0x0000000008002aa4                SPI3_IRQHandler
                0x0000000008002aa4                I2C1_ER_IRQHandler
                0x0000000008002aa4                FMC_IRQHandler
                0x0000000008002aa4                SWPMI1_IRQHandler
                0x0000000008002aa4                LPTIM1_IRQHandler
                0x0000000008002aa4                SAI1_IRQHandler
                0x0000000008002aa4                DMA2_Channel3_IRQHandler
                0x0000000008002aa4                TIM1_BRK_TIM15_IRQHandler
 *fill*         0x0000000008002aa6        0x2 
 .text.HAL_Init
                0x0000000008002aa8       0x40 ./Drivers/STM32L4xx_HAL_Driver/Src/stm32l4xx_hal.o
                0x0000000008002aa8                HAL_Init
 .text.HAL_InitTick
                0x0000000008002ae8       0x78 ./Drivers/STM32L4xx_HAL_Driver/Src/stm32l4xx_hal.o
                0x0000000008002ae8                HAL_InitTick
 .text.HAL_IncTick
                0x0000000008002b60       0x28 ./Drivers/STM32L4xx_HAL_Driver/Src/stm32l4xx_hal.o
                0x0000000008002b60                HAL_IncTick
 .text.HAL_GetTick
                0x0000000008002b88       0x18 ./Drivers/STM32L4xx_HAL_Driver/Src/stm32l4xx_hal.o
                0x0000000008002b88                HAL_GetTick
 .text.HAL_Delay
                0x0000000008002ba0       0x48 ./Drivers/STM32L4xx_HAL_Driver/Src/stm32l4xx_hal.o
                0x0000000008002ba0                HAL_Delay
 .text.LL_ADC_SetCommonClock
                0x0000000008002be8       0x26 ./Drivers/STM32L4xx_HAL_Driver/Src/stm32l4xx_hal_adc.o
 .text.LL_ADC_SetCommonPathInternalCh
                0x0000000008002c0e       0x26 ./Drivers/STM32L4xx_HAL_Driver/Src/stm32l4xx_hal_adc.o
 .text.LL_ADC_GetCommonPathInternalCh
                0x0000000008002c34       0x1c ./Drivers/STM32L4xx_HAL_Driver/Src/stm32l4xx_hal_adc.o
 .text.LL_ADC_SetOffset
                0x0000000008002c50       0x48 ./Drivers/STM32L4xx_HAL_Driver/Src/stm32l4xx_hal_adc.o
 .text.LL_ADC_GetOffsetChannel
                0x0000000008002c98       0x2c ./Drivers/STM32L4xx_HAL_Driver/Src/stm32l4xx_hal_adc.o
 .text.LL_ADC_SetOffsetState
                0x0000000008002cc4       0x36 ./Drivers/STM32L4xx_HAL_Driver/Src/stm32l4xx_hal_adc.o
 .text.LL_ADC_REG_IsTriggerSourceSWStart
                0x0000000008002cfa       0x26 ./Drivers/STM32L4xx_HAL_Driver/Src/stm32l4xx_hal_adc.o
 .text.LL_ADC_REG_SetSequencerRanks
                0x0000000008002d20       0x58 ./Drivers/STM32L4xx_HAL_Driver/Src/stm32l4xx_hal_adc.o
 .text.LL_ADC_SetChannelSamplingTime
                0x0000000008002d78       0x56 ./Drivers/STM32L4xx_HAL_Driver/Src/stm32l4xx_hal_adc.o
 *fill*         0x0000000008002dce        0x2 
 .text.LL_ADC_SetChannelSingleDiff
                0x0000000008002dd0       0x48 ./Drivers/STM32L4xx_HAL_Driver/Src/stm32l4xx_hal_adc.o
 .text.LL_ADC_GetMultimode
                0x0000000008002e18       0x1c ./Drivers/STM32L4xx_HAL_Driver/Src/stm32l4xx_hal_adc.o
 .text.LL_ADC_DisableDeepPowerDown
                0x0000000008002e34       0x24 ./Drivers/STM32L4xx_HAL_Driver/Src/stm32l4xx_hal_adc.o
 .text.LL_ADC_IsDeepPowerDownEnabled
                0x0000000008002e58       0x28 ./Drivers/STM32L4xx_HAL_Driver/Src/stm32l4xx_hal_adc.o
 .text.LL_ADC_EnableInternalRegulator
                0x0000000008002e80       0x28 ./Drivers/STM32L4xx_HAL_Driver/Src/stm32l4xx_hal_adc.o
 .text.LL_ADC_IsInternalRegulatorEnabled
                0x0000000008002ea8       0x28 ./Drivers/STM32L4xx_HAL_Driver/Src/stm32l4xx_hal_adc.o
 .text.LL_ADC_Enable
                0x0000000008002ed0       0x28 ./Drivers/STM32L4xx_HAL_Driver/Src/stm32l4xx_hal_adc.o
 .text.LL_ADC_IsEnabled
                0x0000000008002ef8       0x26 ./Drivers/STM32L4xx_HAL_Driver/Src/stm32l4xx_hal_adc.o
 .text.LL_ADC_REG_StartConversion
                0x0000000008002f1e       0x28 ./Drivers/STM32L4xx_HAL_Driver/Src/stm32l4xx_hal_adc.o
 .text.LL_ADC_REG_IsConversionOngoing
                0x0000000008002f46       0x26 ./Drivers/STM32L4xx_HAL_Driver/Src/stm32l4xx_hal_adc.o
 .text.LL_ADC_INJ_IsConversionOngoing
                0x0000000008002f6c       0x26 ./Drivers/STM32L4xx_HAL_Driver/Src/stm32l4xx_hal_adc.o
 *fill*         0x0000000008002f92        0x2 
 .text.HAL_ADC_Init
                0x0000000008002f94      0x2a0 ./Drivers/STM32L4xx_HAL_Driver/Src/stm32l4xx_hal_adc.o
                0x0000000008002f94                HAL_ADC_Init
 .text.HAL_ADC_Start_DMA
                0x0000000008003234      0x178 ./Drivers/STM32L4xx_HAL_Driver/Src/stm32l4xx_hal_adc.o
                0x0000000008003234                HAL_ADC_Start_DMA
 .text.HAL_ADC_ConvCpltCallback
                0x00000000080033ac       0x14 ./Drivers/STM32L4xx_HAL_Driver/Src/stm32l4xx_hal_adc.o
                0x00000000080033ac                HAL_ADC_ConvCpltCallback
 .text.HAL_ADC_ConvHalfCpltCallback
                0x00000000080033c0       0x14 ./Drivers/STM32L4xx_HAL_Driver/Src/stm32l4xx_hal_adc.o
                0x00000000080033c0                HAL_ADC_ConvHalfCpltCallback
 .text.HAL_ADC_ErrorCallback
                0x00000000080033d4       0x14 ./Drivers/STM32L4xx_HAL_Driver/Src/stm32l4xx_hal_adc.o
                0x00000000080033d4                HAL_ADC_ErrorCallback
 .text.HAL_ADC_ConfigChannel
                0x00000000080033e8      0x7e4 ./Drivers/STM32L4xx_HAL_Driver/Src/stm32l4xx_hal_adc.o
                0x00000000080033e8                HAL_ADC_ConfigChannel
 .text.ADC_Enable
                0x0000000008003bcc      0x10c ./Drivers/STM32L4xx_HAL_Driver/Src/stm32l4xx_hal_adc.o
                0x0000000008003bcc                ADC_Enable
 .text.ADC_DMAConvCplt
                0x0000000008003cd8       0xd8 ./Drivers/STM32L4xx_HAL_Driver/Src/stm32l4xx_hal_adc.o
                0x0000000008003cd8                ADC_DMAConvCplt
 .text.ADC_DMAHalfConvCplt
                0x0000000008003db0       0x1c ./Drivers/STM32L4xx_HAL_Driver/Src/stm32l4xx_hal_adc.o
                0x0000000008003db0                ADC_DMAHalfConvCplt
 .text.ADC_DMAError
                0x0000000008003dcc       0x34 ./Drivers/STM32L4xx_HAL_Driver/Src/stm32l4xx_hal_adc.o
                0x0000000008003dcc                ADC_DMAError
 .text.LL_ADC_IsEnabled
                0x0000000008003e00       0x26 ./Drivers/STM32L4xx_HAL_Driver/Src/stm32l4xx_hal_adc_ex.o
 .text.LL_ADC_REG_IsConversionOngoing
                0x0000000008003e26       0x26 ./Drivers/STM32L4xx_HAL_Driver/Src/stm32l4xx_hal_adc_ex.o
 .text.HAL_ADCEx_MultiModeConfigChannel
                0x0000000008003e4c      0x160 ./Drivers/STM32L4xx_HAL_Driver/Src/stm32l4xx_hal_adc_ex.o
                0x0000000008003e4c                HAL_ADCEx_MultiModeConfigChannel
 .text.__NVIC_SetPriorityGrouping
                0x0000000008003fac       0x48 ./Drivers/STM32L4xx_HAL_Driver/Src/stm32l4xx_hal_cortex.o
 .text.__NVIC_GetPriorityGrouping
                0x0000000008003ff4       0x1c ./Drivers/STM32L4xx_HAL_Driver/Src/stm32l4xx_hal_cortex.o
 .text.__NVIC_EnableIRQ
                0x0000000008004010       0x3c ./Drivers/STM32L4xx_HAL_Driver/Src/stm32l4xx_hal_cortex.o
 .text.__NVIC_SetPriority
                0x000000000800404c       0x54 ./Drivers/STM32L4xx_HAL_Driver/Src/stm32l4xx_hal_cortex.o
 .text.NVIC_EncodePriority
                0x00000000080040a0       0x66 ./Drivers/STM32L4xx_HAL_Driver/Src/stm32l4xx_hal_cortex.o
 *fill*         0x0000000008004106        0x2 
 .text.SysTick_Config
                0x0000000008004108       0x44 ./Drivers/STM32L4xx_HAL_Driver/Src/stm32l4xx_hal_cortex.o
 .text.HAL_NVIC_SetPriorityGrouping
                0x000000000800414c       0x16 ./Drivers/STM32L4xx_HAL_Driver/Src/stm32l4xx_hal_cortex.o
                0x000000000800414c                HAL_NVIC_SetPriorityGrouping
 .text.HAL_NVIC_SetPriority
                0x0000000008004162       0x38 ./Drivers/STM32L4xx_HAL_Driver/Src/stm32l4xx_hal_cortex.o
                0x0000000008004162                HAL_NVIC_SetPriority
 .text.HAL_NVIC_EnableIRQ
                0x000000000800419a       0x1c ./Drivers/STM32L4xx_HAL_Driver/Src/stm32l4xx_hal_cortex.o
                0x000000000800419a                HAL_NVIC_EnableIRQ
 .text.HAL_SYSTICK_Config
                0x00000000080041b6       0x18 ./Drivers/STM32L4xx_HAL_Driver/Src/stm32l4xx_hal_cortex.o
                0x00000000080041b6                HAL_SYSTICK_Config
 .text.HAL_DAC_Init
                0x00000000080041ce       0x44 ./Drivers/STM32L4xx_HAL_Driver/Src/stm32l4xx_hal_dac.o
                0x00000000080041ce                HAL_DAC_Init
 .text.HAL_DAC_Start
                0x0000000008004212       0x9a ./Drivers/STM32L4xx_HAL_Driver/Src/stm32l4xx_hal_dac.o
                0x0000000008004212                HAL_DAC_Start
 .text.HAL_DAC_IRQHandler
                0x00000000080042ac       0xb4 ./Drivers/STM32L4xx_HAL_Driver/Src/stm32l4xx_hal_dac.o
                0x00000000080042ac                HAL_DAC_IRQHandler
 .text.HAL_DAC_SetValue
                0x0000000008004360       0x4a ./Drivers/STM32L4xx_HAL_Driver/Src/stm32l4xx_hal_dac.o
                0x0000000008004360                HAL_DAC_SetValue
 .text.HAL_DAC_DMAUnderrunCallbackCh1
                0x00000000080043aa       0x14 ./Drivers/STM32L4xx_HAL_Driver/Src/stm32l4xx_hal_dac.o
                0x00000000080043aa                HAL_DAC_DMAUnderrunCallbackCh1
 .text.HAL_DAC_ConfigChannel
                0x00000000080043be      0x24e ./Drivers/STM32L4xx_HAL_Driver/Src/stm32l4xx_hal_dac.o
                0x00000000080043be                HAL_DAC_ConfigChannel
 .text.HAL_DACEx_DMAUnderrunCallbackCh2
                0x000000000800460c       0x14 ./Drivers/STM32L4xx_HAL_Driver/Src/stm32l4xx_hal_dac_ex.o
                0x000000000800460c                HAL_DACEx_DMAUnderrunCallbackCh2
 .text.HAL_DMA_Init
                0x0000000008004620      0x170 ./Drivers/STM32L4xx_HAL_Driver/Src/stm32l4xx_hal_dma.o
                0x0000000008004620                HAL_DMA_Init
 .text.HAL_DMA_Start_IT
                0x0000000008004790       0xc0 ./Drivers/STM32L4xx_HAL_Driver/Src/stm32l4xx_hal_dma.o
                0x0000000008004790                HAL_DMA_Start_IT
 .text.HAL_DMA_IRQHandler
                0x0000000008004850      0x15e ./Drivers/STM32L4xx_HAL_Driver/Src/stm32l4xx_hal_dma.o
                0x0000000008004850                HAL_DMA_IRQHandler
 .text.DMA_SetConfig
                0x00000000080049ae       0x60 ./Drivers/STM32L4xx_HAL_Driver/Src/stm32l4xx_hal_dma.o
 *fill*         0x0000000008004a0e        0x2 
 .text.HAL_GPIO_Init
                0x0000000008004a10      0x354 ./Drivers/STM32L4xx_HAL_Driver/Src/stm32l4xx_hal_gpio.o
                0x0000000008004a10                HAL_GPIO_Init
 .text.HAL_GPIO_ReadPin
                0x0000000008004d64       0x30 ./Drivers/STM32L4xx_HAL_Driver/Src/stm32l4xx_hal_gpio.o
                0x0000000008004d64                HAL_GPIO_ReadPin
 .text.HAL_GPIO_WritePin
                0x0000000008004d94       0x30 ./Drivers/STM32L4xx_HAL_Driver/Src/stm32l4xx_hal_gpio.o
                0x0000000008004d94                HAL_GPIO_WritePin
 .text.HAL_GPIO_EXTI_IRQHandler
                0x0000000008004dc4       0x30 ./Drivers/STM32L4xx_HAL_Driver/Src/stm32l4xx_hal_gpio.o
                0x0000000008004dc4                HAL_GPIO_EXTI_IRQHandler
 .text.HAL_PWREx_GetVoltageRange
                0x0000000008004df4       0x1c ./Drivers/STM32L4xx_HAL_Driver/Src/stm32l4xx_hal_pwr_ex.o
                0x0000000008004df4                HAL_PWREx_GetVoltageRange
 .text.HAL_PWREx_ControlVoltageScaling
                0x0000000008004e10       0xac ./Drivers/STM32L4xx_HAL_Driver/Src/stm32l4xx_hal_pwr_ex.o
                0x0000000008004e10                HAL_PWREx_ControlVoltageScaling
 .text.HAL_RCC_OscConfig
                0x0000000008004ebc      0x7b8 ./Drivers/STM32L4xx_HAL_Driver/Src/stm32l4xx_hal_rcc.o
                0x0000000008004ebc                HAL_RCC_OscConfig
 .text.HAL_RCC_ClockConfig
                0x0000000008005674      0x200 ./Drivers/STM32L4xx_HAL_Driver/Src/stm32l4xx_hal_rcc.o
                0x0000000008005674                HAL_RCC_ClockConfig
 .text.HAL_RCC_GetSysClockFreq
                0x0000000008005874      0x118 ./Drivers/STM32L4xx_HAL_Driver/Src/stm32l4xx_hal_rcc.o
                0x0000000008005874                HAL_RCC_GetSysClockFreq
 .text.RCC_SetFlashLatencyFromMSIRange
                0x000000000800598c       0xc0 ./Drivers/STM32L4xx_HAL_Driver/Src/stm32l4xx_hal_rcc.o
 .text.HAL_RCCEx_PeriphCLKConfig
                0x0000000008005a4c      0x5d4 ./Drivers/STM32L4xx_HAL_Driver/Src/stm32l4xx_hal_rcc_ex.o
                0x0000000008005a4c                HAL_RCCEx_PeriphCLKConfig
 .text.RCCEx_PLLSAI1_Config
                0x0000000008006020      0x1e8 ./Drivers/STM32L4xx_HAL_Driver/Src/stm32l4xx_hal_rcc_ex.o
 .text.RCCEx_PLLSAI2_Config
                0x0000000008006208      0x1bc ./Drivers/STM32L4xx_HAL_Driver/Src/stm32l4xx_hal_rcc_ex.o
 .text.HAL_TIM_Base_Init
                0x00000000080063c4       0xae ./Drivers/STM32L4xx_HAL_Driver/Src/stm32l4xx_hal_tim.o
                0x00000000080063c4                HAL_TIM_Base_Init
 *fill*         0x0000000008006472        0x2 
 .text.HAL_TIM_Base_Start_IT
                0x0000000008006474       0xe0 ./Drivers/STM32L4xx_HAL_Driver/Src/stm32l4xx_hal_tim.o
                0x0000000008006474                HAL_TIM_Base_Start_IT
 .text.HAL_TIM_IRQHandler
                0x0000000008006554      0x204 ./Drivers/STM32L4xx_HAL_Driver/Src/stm32l4xx_hal_tim.o
                0x0000000008006554                HAL_TIM_IRQHandler
 .text.HAL_TIM_OC_DelayElapsedCallback
                0x0000000008006758       0x14 ./Drivers/STM32L4xx_HAL_Driver/Src/stm32l4xx_hal_tim.o
                0x0000000008006758                HAL_TIM_OC_DelayElapsedCallback
 .text.HAL_TIM_IC_CaptureCallback
                0x000000000800676c       0x14 ./Drivers/STM32L4xx_HAL_Driver/Src/stm32l4xx_hal_tim.o
                0x000000000800676c                HAL_TIM_IC_CaptureCallback
 .text.HAL_TIM_PWM_PulseFinishedCallback
                0x0000000008006780       0x14 ./Drivers/STM32L4xx_HAL_Driver/Src/stm32l4xx_hal_tim.o
                0x0000000008006780                HAL_TIM_PWM_PulseFinishedCallback
 .text.HAL_TIM_TriggerCallback
                0x0000000008006794       0x14 ./Drivers/STM32L4xx_HAL_Driver/Src/stm32l4xx_hal_tim.o
                0x0000000008006794                HAL_TIM_TriggerCallback
 .text.TIM_Base_SetConfig
                0x00000000080067a8      0x134 ./Drivers/STM32L4xx_HAL_Driver/Src/stm32l4xx_hal_tim.o
                0x00000000080067a8                TIM_Base_SetConfig
 .text.HAL_TIMEx_MasterConfigSynchronization
                0x00000000080068dc      0x110 ./Drivers/STM32L4xx_HAL_Driver/Src/stm32l4xx_hal_tim_ex.o
                0x00000000080068dc                HAL_TIMEx_MasterConfigSynchronization
 .text.HAL_TIMEx_CommutCallback
                0x00000000080069ec       0x14 ./Drivers/STM32L4xx_HAL_Driver/Src/stm32l4xx_hal_tim_ex.o
                0x00000000080069ec                HAL_TIMEx_CommutCallback
 .text.HAL_TIMEx_BreakCallback
                0x0000000008006a00       0x14 ./Drivers/STM32L4xx_HAL_Driver/Src/stm32l4xx_hal_tim_ex.o
                0x0000000008006a00                HAL_TIMEx_BreakCallback
 .text.HAL_TIMEx_Break2Callback
                0x0000000008006a14       0x14 ./Drivers/STM32L4xx_HAL_Driver/Src/stm32l4xx_hal_tim_ex.o
                0x0000000008006a14                HAL_TIMEx_Break2Callback
 .text.memset   0x0000000008006a28       0x10 C:/ST/STM32CubeIDE_1.14.0/STM32CubeIDE/plugins/com.st.stm32cube.ide.mcu.externaltools.gnu-tools-for-stm32.11.3.rel1.win32_1.1.100.202309141235/tools/bin/../lib/gcc/arm-none-eabi/11.3.1/../../../../arm-none-eabi/lib/thumb/v7e-m+fp/hard\libc_nano.a(libc_a-memset.o)
                0x0000000008006a28                memset
 .text.__errno  0x0000000008006a38        0xc C:/ST/STM32CubeIDE_1.14.0/STM32CubeIDE/plugins/com.st.stm32cube.ide.mcu.externaltools.gnu-tools-for-stm32.11.3.rel1.win32_1.1.100.202309141235/tools/bin/../lib/gcc/arm-none-eabi/11.3.1/../../../../arm-none-eabi/lib/thumb/v7e-m+fp/hard\libc_nano.a(libc_a-errno.o)
                0x0000000008006a38                __errno
 .text.__libc_init_array
                0x0000000008006a44       0x48 C:/ST/STM32CubeIDE_1.14.0/STM32CubeIDE/plugins/com.st.stm32cube.ide.mcu.externaltools.gnu-tools-for-stm32.11.3.rel1.win32_1.1.100.202309141235/tools/bin/../lib/gcc/arm-none-eabi/11.3.1/../../../../arm-none-eabi/lib/thumb/v7e-m+fp/hard\libc_nano.a(libc_a-init.o)
                0x0000000008006a44                __libc_init_array
 .text.memcpy   0x0000000008006a8c       0x1c C:/ST/STM32CubeIDE_1.14.0/STM32CubeIDE/plugins/com.st.stm32cube.ide.mcu.externaltools.gnu-tools-for-stm32.11.3.rel1.win32_1.1.100.202309141235/tools/bin/../lib/gcc/arm-none-eabi/11.3.1/../../../../arm-none-eabi/lib/thumb/v7e-m+fp/hard\libc_nano.a(libc_a-memcpy-stub.o)
                0x0000000008006a8c                memcpy
 .text.log      0x0000000008006aa8       0x7c C:/ST/STM32CubeIDE_1.14.0/STM32CubeIDE/plugins/com.st.stm32cube.ide.mcu.externaltools.gnu-tools-for-stm32.11.3.rel1.win32_1.1.100.202309141235/tools/bin/../lib/gcc/arm-none-eabi/11.3.1/../../../../arm-none-eabi/lib/thumb/v7e-m+fp/hard\libm.a(libm_a-w_log.o)
                0x0000000008006aa8                log
 *fill*         0x0000000008006b24        0x4 
 .text.nan      0x0000000008006b28       0x10 C:/ST/STM32CubeIDE_1.14.0/STM32CubeIDE/plugins/com.st.stm32cube.ide.mcu.externaltools.gnu-tools-for-stm32.11.3.rel1.win32_1.1.100.202309141235/tools/bin/../lib/gcc/arm-none-eabi/11.3.1/../../../../arm-none-eabi/lib/thumb/v7e-m+fp/hard\libm.a(libm_a-s_nan.o)
                0x0000000008006b28                nan
 .text.floor    0x0000000008006b38      0x100 C:/ST/STM32CubeIDE_1.14.0/STM32CubeIDE/plugins/com.st.stm32cube.ide.mcu.externaltools.gnu-tools-for-stm32.11.3.rel1.win32_1.1.100.202309141235/tools/bin/../lib/gcc/arm-none-eabi/11.3.1/../../../../arm-none-eabi/lib/thumb/v7e-m+fp/hard\libm.a(libm_a-s_floor.o)
                0x0000000008006b38                floor
 .text.__ieee754_log
                0x0000000008006c38      0x374 C:/ST/STM32CubeIDE_1.14.0/STM32CubeIDE/plugins/com.st.stm32cube.ide.mcu.externaltools.gnu-tools-for-stm32.11.3.rel1.win32_1.1.100.202309141235/tools/bin/../lib/gcc/arm-none-eabi/11.3.1/../../../../arm-none-eabi/lib/thumb/v7e-m+fp/hard\libm.a(libm_a-e_log.o)
                0x0000000008006c38                __ieee754_log
 *(.glue_7)
 .glue_7        0x0000000008006fac        0x0 linker stubs
 *(.glue_7t)
 .glue_7t       0x0000000008006fac        0x0 linker stubs
 *(.eh_frame)
 .eh_frame      0x0000000008006fac        0x0 C:/ST/STM32CubeIDE_1.14.0/STM32CubeIDE/plugins/com.st.stm32cube.ide.mcu.externaltools.gnu-tools-for-stm32.11.3.rel1.win32_1.1.100.202309141235/tools/bin/../lib/gcc/arm-none-eabi/11.3.1/thumb/v7e-m+fp/hard/crtbegin.o
 *(.init)
 .init          0x0000000008006fac        0x4 C:/ST/STM32CubeIDE_1.14.0/STM32CubeIDE/plugins/com.st.stm32cube.ide.mcu.externaltools.gnu-tools-for-stm32.11.3.rel1.win32_1.1.100.202309141235/tools/bin/../lib/gcc/arm-none-eabi/11.3.1/thumb/v7e-m+fp/hard/crti.o
                0x0000000008006fac                _init
 .init          0x0000000008006fb0        0x8 C:/ST/STM32CubeIDE_1.14.0/STM32CubeIDE/plugins/com.st.stm32cube.ide.mcu.externaltools.gnu-tools-for-stm32.11.3.rel1.win32_1.1.100.202309141235/tools/bin/../lib/gcc/arm-none-eabi/11.3.1/thumb/v7e-m+fp/hard/crtn.o
 *(.fini)
 .fini          0x0000000008006fb8        0x4 C:/ST/STM32CubeIDE_1.14.0/STM32CubeIDE/plugins/com.st.stm32cube.ide.mcu.externaltools.gnu-tools-for-stm32.11.3.rel1.win32_1.1.100.202309141235/tools/bin/../lib/gcc/arm-none-eabi/11.3.1/thumb/v7e-m+fp/hard/crti.o
                0x0000000008006fb8                _fini
 .fini          0x0000000008006fbc        0x8 C:/ST/STM32CubeIDE_1.14.0/STM32CubeIDE/plugins/com.st.stm32cube.ide.mcu.externaltools.gnu-tools-for-stm32.11.3.rel1.win32_1.1.100.202309141235/tools/bin/../lib/gcc/arm-none-eabi/11.3.1/thumb/v7e-m+fp/hard/crtn.o
                0x0000000008006fc4                . = ALIGN (0x4)
                0x0000000008006fc4                _etext = .

.vfp11_veneer   0x0000000008006fc4        0x0
 .vfp11_veneer  0x0000000008006fc4        0x0 linker stubs

.v4_bx          0x0000000008006fc4        0x0
 .v4_bx         0x0000000008006fc4        0x0 linker stubs

.iplt           0x0000000008006fc4        0x0
 .iplt          0x0000000008006fc4        0x0 C:/ST/STM32CubeIDE_1.14.0/STM32CubeIDE/plugins/com.st.stm32cube.ide.mcu.externaltools.gnu-tools-for-stm32.11.3.rel1.win32_1.1.100.202309141235/tools/bin/../lib/gcc/arm-none-eabi/11.3.1/thumb/v7e-m+fp/hard/crtbegin.o

.rodata         0x0000000008006fc4      0x15c
                0x0000000008006fc4                . = ALIGN (0x4)
 *(.rodata)
 .rodata        0x0000000008006fc4      0x118 ./Core/Src/main.o
 *(.rodata*)
 .rodata.AHBPrescTable
                0x00000000080070dc       0x10 ./Core/Src/system_stm32l4xx.o
                0x00000000080070dc                AHBPrescTable
 .rodata.MSIRangeTable
                0x00000000080070ec       0x30 ./Core/Src/system_stm32l4xx.o
                0x00000000080070ec                MSIRangeTable
 .rodata.log.str1.1
                0x000000000800711c        0x1 C:/ST/STM32CubeIDE_1.14.0/STM32CubeIDE/plugins/com.st.stm32cube.ide.mcu.externaltools.gnu-tools-for-stm32.11.3.rel1.win32_1.1.100.202309141235/tools/bin/../lib/gcc/arm-none-eabi/11.3.1/../../../../arm-none-eabi/lib/thumb/v7e-m+fp/hard\libm.a(libm_a-w_log.o)
                0x0000000008007120                . = ALIGN (0x4)
 *fill*         0x000000000800711d        0x3 

.rel.dyn        0x0000000008007120        0x0
 .rel.iplt      0x0000000008007120        0x0 C:/ST/STM32CubeIDE_1.14.0/STM32CubeIDE/plugins/com.st.stm32cube.ide.mcu.externaltools.gnu-tools-for-stm32.11.3.rel1.win32_1.1.100.202309141235/tools/bin/../lib/gcc/arm-none-eabi/11.3.1/thumb/v7e-m+fp/hard/crtbegin.o

.ARM.extab      0x0000000008007120        0x0
                0x0000000008007120                . = ALIGN (0x4)
 *(.ARM.extab* .gnu.linkonce.armextab.*)
                0x0000000008007120                . = ALIGN (0x4)

.ARM            0x0000000008007120        0x0
                0x0000000008007120                . = ALIGN (0x4)
                0x0000000008007120                __exidx_start = .
 *(.ARM.exidx*)
                0x0000000008007120                __exidx_end = .
                0x0000000008007120                . = ALIGN (0x4)

.preinit_array  0x0000000008007120        0x0
                0x0000000008007120                . = ALIGN (0x4)
                0x0000000008007120                PROVIDE (__preinit_array_start = .)
 *(.preinit_array*)
                0x0000000008007120                PROVIDE (__preinit_array_end = .)
                0x0000000008007120                . = ALIGN (0x4)

.init_array     0x0000000008007120        0x4
                0x0000000008007120                . = ALIGN (0x4)
                0x0000000008007120                PROVIDE (__init_array_start = .)
 *(SORT_BY_NAME(.init_array.*))
 *(.init_array*)
 .init_array    0x0000000008007120        0x4 C:/ST/STM32CubeIDE_1.14.0/STM32CubeIDE/plugins/com.st.stm32cube.ide.mcu.externaltools.gnu-tools-for-stm32.11.3.rel1.win32_1.1.100.202309141235/tools/bin/../lib/gcc/arm-none-eabi/11.3.1/thumb/v7e-m+fp/hard/crtbegin.o
                0x0000000008007124                PROVIDE (__init_array_end = .)
                0x0000000008007124                . = ALIGN (0x4)

.fini_array     0x0000000008007124        0x4
                0x0000000008007124                . = ALIGN (0x4)
                [!provide]                        PROVIDE (__fini_array_start = .)
 *(SORT_BY_NAME(.fini_array.*))
 *(.fini_array*)
 .fini_array    0x0000000008007124        0x4 C:/ST/STM32CubeIDE_1.14.0/STM32CubeIDE/plugins/com.st.stm32cube.ide.mcu.externaltools.gnu-tools-for-stm32.11.3.rel1.win32_1.1.100.202309141235/tools/bin/../lib/gcc/arm-none-eabi/11.3.1/thumb/v7e-m+fp/hard/crtbegin.o
                [!provide]                        PROVIDE (__fini_array_end = .)
                0x0000000008007128                . = ALIGN (0x4)
                0x0000000008007128                _sidata = LOADADDR (.data)

.data           0x0000000020000000       0x5c load address 0x0000000008007128
                0x0000000020000000                . = ALIGN (0x4)
                0x0000000020000000                _sdata = .
 *(.data)
 *(.data*)
 .data.SystemCoreClock
                0x0000000020000000        0x4 ./Core/Src/system_stm32l4xx.o
                0x0000000020000000                SystemCoreClock
 .data.uwTickPrio
                0x0000000020000004        0x4 ./Drivers/STM32L4xx_HAL_Driver/Src/stm32l4xx_hal.o
                0x0000000020000004                uwTickPrio
 .data.uwTickFreq
                0x0000000020000008        0x1 ./Drivers/STM32L4xx_HAL_Driver/Src/stm32l4xx_hal.o
                0x0000000020000008                uwTickFreq
 *fill*         0x0000000020000009        0x3 
 .data._impure_data
                0x000000002000000c       0x4c C:/ST/STM32CubeIDE_1.14.0/STM32CubeIDE/plugins/com.st.stm32cube.ide.mcu.externaltools.gnu-tools-for-stm32.11.3.rel1.win32_1.1.100.202309141235/tools/bin/../lib/gcc/arm-none-eabi/11.3.1/../../../../arm-none-eabi/lib/thumb/v7e-m+fp/hard\libc_nano.a(libc_a-impure.o)
                0x000000002000000c                _impure_data
 .data._impure_ptr
                0x0000000020000058        0x4 C:/ST/STM32CubeIDE_1.14.0/STM32CubeIDE/plugins/com.st.stm32cube.ide.mcu.externaltools.gnu-tools-for-stm32.11.3.rel1.win32_1.1.100.202309141235/tools/bin/../lib/gcc/arm-none-eabi/11.3.1/../../../../arm-none-eabi/lib/thumb/v7e-m+fp/hard\libc_nano.a(libc_a-impure.o)
                0x0000000020000058                _impure_ptr
 *(.RamFunc)
 *(.RamFunc*)
                0x000000002000005c                . = ALIGN (0x4)
                0x000000002000005c                _edata = .

.igot.plt       0x000000002000005c        0x0 load address 0x0000000008007184
 .igot.plt      0x000000002000005c        0x0 C:/ST/STM32CubeIDE_1.14.0/STM32CubeIDE/plugins/com.st.stm32cube.ide.mcu.externaltools.gnu-tools-for-stm32.11.3.rel1.win32_1.1.100.202309141235/tools/bin/../lib/gcc/arm-none-eabi/11.3.1/thumb/v7e-m+fp/hard/crtbegin.o
                0x000000002000005c                . = ALIGN (0x4)

.bss            0x000000002000005c      0x5d8 load address 0x0000000008007184
                0x000000002000005c                _sbss = .
                0x000000002000005c                __bss_start__ = _sbss
 *(.bss)
 .bss           0x000000002000005c       0x1c C:/ST/STM32CubeIDE_1.14.0/STM32CubeIDE/plugins/com.st.stm32cube.ide.mcu.externaltools.gnu-tools-for-stm32.11.3.rel1.win32_1.1.100.202309141235/tools/bin/../lib/gcc/arm-none-eabi/11.3.1/thumb/v7e-m+fp/hard/crtbegin.o
 *(.bss*)
 .bss.hadc1     0x0000000020000078       0x64 ./Core/Src/main.o
                0x0000000020000078                hadc1
 .bss.hadc2     0x00000000200000dc       0x64 ./Core/Src/main.o
                0x00000000200000dc                hadc2
 .bss.hdma_adc1
                0x0000000020000140       0x48 ./Core/Src/main.o
                0x0000000020000140                hdma_adc1
 .bss.hdma_adc2
                0x0000000020000188       0x48 ./Core/Src/main.o
                0x0000000020000188                hdma_adc2
 .bss.hdac1     0x00000000200001d0       0x14 ./Core/Src/main.o
                0x00000000200001d0                hdac1
 .bss.hdma_dac_ch1
                0x00000000200001e4       0x48 ./Core/Src/main.o
                0x00000000200001e4                hdma_dac_ch1
 .bss.hdma_dac_ch2
                0x000000002000022c       0x48 ./Core/Src/main.o
                0x000000002000022c                hdma_dac_ch2
 .bss.htim6     0x0000000020000274       0x4c ./Core/Src/main.o
                0x0000000020000274                htim6
 .bss.seq       0x00000000200002c0      0x11c ./Core/Src/main.o
                0x00000000200002c0                seq
 .bss.GPIOs     0x00000000200003dc       0xc0 ./Core/Src/main.o
                0x00000000200003dc                GPIOs
 .bss.CVSeq1    0x000000002000049c       0x2c ./Core/Src/main.o
                0x000000002000049c                CVSeq1
 .bss.CVSeq2    0x00000000200004c8       0x2c ./Core/Src/main.o
                0x00000000200004c8                CVSeq2
 .bss.HAL_RCC_ADC_CLK_ENABLED
                0x00000000200004f4        0x4 ./Core/Src/stm32l4xx_hal_msp.o
 .bss.uwTick    0x00000000200004f8        0x4 ./Drivers/STM32L4xx_HAL_Driver/Src/stm32l4xx_hal.o
                0x00000000200004f8                uwTick
 .bss.__sf      0x00000000200004fc      0x138 C:/ST/STM32CubeIDE_1.14.0/STM32CubeIDE/plugins/com.st.stm32cube.ide.mcu.externaltools.gnu-tools-for-stm32.11.3.rel1.win32_1.1.100.202309141235/tools/bin/../lib/gcc/arm-none-eabi/11.3.1/../../../../arm-none-eabi/lib/thumb/v7e-m+fp/hard\libc_nano.a(libc_a-findfp.o)
                0x00000000200004fc                __sf
 *(COMMON)
                0x0000000020000634                . = ALIGN (0x4)
                0x0000000020000634                _ebss = .
                0x0000000020000634                __bss_end__ = _ebss

._user_heap_stack
                0x0000000020000634      0x604 load address 0x0000000008007184
                0x0000000020000638                . = ALIGN (0x8)
 *fill*         0x0000000020000634        0x4 
                [!provide]                        PROVIDE (end = .)
                0x0000000020000638                PROVIDE (_end = .)
                0x0000000020000838                . = (. + _Min_Heap_Size)
 *fill*         0x0000000020000638      0x200 
                0x0000000020000c38                . = (. + _Min_Stack_Size)
 *fill*         0x0000000020000838      0x400 
                0x0000000020000c38                . = ALIGN (0x8)

/DISCARD/
 libc.a(*)
 libm.a(*)
 libgcc.a(*)

.ARM.attributes
                0x0000000000000000       0x30
 *(.ARM.attributes)
 .ARM.attributes
                0x0000000000000000       0x1e C:/ST/STM32CubeIDE_1.14.0/STM32CubeIDE/plugins/com.st.stm32cube.ide.mcu.externaltools.gnu-tools-for-stm32.11.3.rel1.win32_1.1.100.202309141235/tools/bin/../lib/gcc/arm-none-eabi/11.3.1/thumb/v7e-m+fp/hard/crti.o
 .ARM.attributes
                0x000000000000001e       0x34 C:/ST/STM32CubeIDE_1.14.0/STM32CubeIDE/plugins/com.st.stm32cube.ide.mcu.externaltools.gnu-tools-for-stm32.11.3.rel1.win32_1.1.100.202309141235/tools/bin/../lib/gcc/arm-none-eabi/11.3.1/thumb/v7e-m+fp/hard/crtbegin.o
 .ARM.attributes
                0x0000000000000052       0x34 ./Core/Src/CVSequencer.o
 .ARM.attributes
                0x0000000000000086       0x34 ./Core/Src/DisplayPattern.o
 .ARM.attributes
                0x00000000000000ba       0x34 ./Core/Src/Sequencer.o
 .ARM.attributes
                0x00000000000000ee       0x34 ./Core/Src/Track.o
 .ARM.attributes
                0x0000000000000122       0x34 ./Core/Src/Utils.o
 .ARM.attributes
                0x0000000000000156       0x34 ./Core/Src/main.o
 .ARM.attributes
                0x000000000000018a       0x34 ./Core/Src/stm32l4xx_hal_msp.o
 .ARM.attributes
                0x00000000000001be       0x34 ./Core/Src/stm32l4xx_it.o
 .ARM.attributes
                0x00000000000001f2       0x34 ./Core/Src/system_stm32l4xx.o
 .ARM.attributes
                0x0000000000000226       0x21 ./Core/Startup/startup_stm32l476rgtx.o
 .ARM.attributes
                0x0000000000000247       0x34 ./Drivers/STM32L4xx_HAL_Driver/Src/stm32l4xx_hal.o
 .ARM.attributes
                0x000000000000027b       0x34 ./Drivers/STM32L4xx_HAL_Driver/Src/stm32l4xx_hal_adc.o
 .ARM.attributes
                0x00000000000002af       0x34 ./Drivers/STM32L4xx_HAL_Driver/Src/stm32l4xx_hal_adc_ex.o
 .ARM.attributes
                0x00000000000002e3       0x34 ./Drivers/STM32L4xx_HAL_Driver/Src/stm32l4xx_hal_cortex.o
 .ARM.attributes
                0x0000000000000317       0x34 ./Drivers/STM32L4xx_HAL_Driver/Src/stm32l4xx_hal_dac.o
 .ARM.attributes
                0x000000000000034b       0x34 ./Drivers/STM32L4xx_HAL_Driver/Src/stm32l4xx_hal_dac_ex.o
 .ARM.attributes
                0x000000000000037f       0x34 ./Drivers/STM32L4xx_HAL_Driver/Src/stm32l4xx_hal_dma.o
 .ARM.attributes
                0x00000000000003b3       0x34 ./Drivers/STM32L4xx_HAL_Driver/Src/stm32l4xx_hal_gpio.o
 .ARM.attributes
                0x00000000000003e7       0x34 ./Drivers/STM32L4xx_HAL_Driver/Src/stm32l4xx_hal_pwr_ex.o
 .ARM.attributes
                0x000000000000041b       0x34 ./Drivers/STM32L4xx_HAL_Driver/Src/stm32l4xx_hal_rcc.o
 .ARM.attributes
                0x000000000000044f       0x34 ./Drivers/STM32L4xx_HAL_Driver/Src/stm32l4xx_hal_rcc_ex.o
 .ARM.attributes
                0x0000000000000483       0x34 ./Drivers/STM32L4xx_HAL_Driver/Src/stm32l4xx_hal_tim.o
 .ARM.attributes
                0x00000000000004b7       0x34 ./Drivers/STM32L4xx_HAL_Driver/Src/stm32l4xx_hal_tim_ex.o
 .ARM.attributes
                0x00000000000004eb       0x34 C:/ST/STM32CubeIDE_1.14.0/STM32CubeIDE/plugins/com.st.stm32cube.ide.mcu.externaltools.gnu-tools-for-stm32.11.3.rel1.win32_1.1.100.202309141235/tools/bin/../lib/gcc/arm-none-eabi/11.3.1/../../../../arm-none-eabi/lib/thumb/v7e-m+fp/hard\libc_nano.a(libc_a-findfp.o)
 .ARM.attributes
                0x000000000000051f       0x34 C:/ST/STM32CubeIDE_1.14.0/STM32CubeIDE/plugins/com.st.stm32cube.ide.mcu.externaltools.gnu-tools-for-stm32.11.3.rel1.win32_1.1.100.202309141235/tools/bin/../lib/gcc/arm-none-eabi/11.3.1/../../../../arm-none-eabi/lib/thumb/v7e-m+fp/hard\libc_nano.a(libc_a-memset.o)
 .ARM.attributes
                0x0000000000000553       0x34 C:/ST/STM32CubeIDE_1.14.0/STM32CubeIDE/plugins/com.st.stm32cube.ide.mcu.externaltools.gnu-tools-for-stm32.11.3.rel1.win32_1.1.100.202309141235/tools/bin/../lib/gcc/arm-none-eabi/11.3.1/../../../../arm-none-eabi/lib/thumb/v7e-m+fp/hard\libc_nano.a(libc_a-impure.o)
 .ARM.attributes
                0x0000000000000587       0x34 C:/ST/STM32CubeIDE_1.14.0/STM32CubeIDE/plugins/com.st.stm32cube.ide.mcu.externaltools.gnu-tools-for-stm32.11.3.rel1.win32_1.1.100.202309141235/tools/bin/../lib/gcc/arm-none-eabi/11.3.1/../../../../arm-none-eabi/lib/thumb/v7e-m+fp/hard\libc_nano.a(libc_a-errno.o)
 .ARM.attributes
                0x00000000000005bb       0x34 C:/ST/STM32CubeIDE_1.14.0/STM32CubeIDE/plugins/com.st.stm32cube.ide.mcu.externaltools.gnu-tools-for-stm32.11.3.rel1.win32_1.1.100.202309141235/tools/bin/../lib/gcc/arm-none-eabi/11.3.1/../../../../arm-none-eabi/lib/thumb/v7e-m+fp/hard\libc_nano.a(libc_a-init.o)
 .ARM.attributes
                0x00000000000005ef       0x34 C:/ST/STM32CubeIDE_1.14.0/STM32CubeIDE/plugins/com.st.stm32cube.ide.mcu.externaltools.gnu-tools-for-stm32.11.3.rel1.win32_1.1.100.202309141235/tools/bin/../lib/gcc/arm-none-eabi/11.3.1/../../../../arm-none-eabi/lib/thumb/v7e-m+fp/hard\libc_nano.a(libc_a-memcpy-stub.o)
 .ARM.attributes
                0x0000000000000623       0x34 C:/ST/STM32CubeIDE_1.14.0/STM32CubeIDE/plugins/com.st.stm32cube.ide.mcu.externaltools.gnu-tools-for-stm32.11.3.rel1.win32_1.1.100.202309141235/tools/bin/../lib/gcc/arm-none-eabi/11.3.1/../../../../arm-none-eabi/lib/thumb/v7e-m+fp/hard\libm.a(libm_a-w_log.o)
 .ARM.attributes
                0x0000000000000657       0x34 C:/ST/STM32CubeIDE_1.14.0/STM32CubeIDE/plugins/com.st.stm32cube.ide.mcu.externaltools.gnu-tools-for-stm32.11.3.rel1.win32_1.1.100.202309141235/tools/bin/../lib/gcc/arm-none-eabi/11.3.1/../../../../arm-none-eabi/lib/thumb/v7e-m+fp/hard\libm.a(libm_a-s_nan.o)
 .ARM.attributes
                0x000000000000068b       0x34 C:/ST/STM32CubeIDE_1.14.0/STM32CubeIDE/plugins/com.st.stm32cube.ide.mcu.externaltools.gnu-tools-for-stm32.11.3.rel1.win32_1.1.100.202309141235/tools/bin/../lib/gcc/arm-none-eabi/11.3.1/../../../../arm-none-eabi/lib/thumb/v7e-m+fp/hard\libm.a(libm_a-s_floor.o)
 .ARM.attributes
                0x00000000000006bf       0x34 C:/ST/STM32CubeIDE_1.14.0/STM32CubeIDE/plugins/com.st.stm32cube.ide.mcu.externaltools.gnu-tools-for-stm32.11.3.rel1.win32_1.1.100.202309141235/tools/bin/../lib/gcc/arm-none-eabi/11.3.1/../../../../arm-none-eabi/lib/thumb/v7e-m+fp/hard\libm.a(libm_a-e_log.o)
 .ARM.attributes
                0x00000000000006f3       0x1e C:/ST/STM32CubeIDE_1.14.0/STM32CubeIDE/plugins/com.st.stm32cube.ide.mcu.externaltools.gnu-tools-for-stm32.11.3.rel1.win32_1.1.100.202309141235/tools/bin/../lib/gcc/arm-none-eabi/11.3.1/thumb/v7e-m+fp/hard\libgcc.a(_arm_addsubdf3.o)
 .ARM.attributes
                0x0000000000000711       0x1e C:/ST/STM32CubeIDE_1.14.0/STM32CubeIDE/plugins/com.st.stm32cube.ide.mcu.externaltools.gnu-tools-for-stm32.11.3.rel1.win32_1.1.100.202309141235/tools/bin/../lib/gcc/arm-none-eabi/11.3.1/thumb/v7e-m+fp/hard\libgcc.a(_arm_muldivdf3.o)
 .ARM.attributes
                0x000000000000072f       0x1e C:/ST/STM32CubeIDE_1.14.0/STM32CubeIDE/plugins/com.st.stm32cube.ide.mcu.externaltools.gnu-tools-for-stm32.11.3.rel1.win32_1.1.100.202309141235/tools/bin/../lib/gcc/arm-none-eabi/11.3.1/thumb/v7e-m+fp/hard\libgcc.a(_arm_cmpdf2.o)
 .ARM.attributes
                0x000000000000074d       0x1e C:/ST/STM32CubeIDE_1.14.0/STM32CubeIDE/plugins/com.st.stm32cube.ide.mcu.externaltools.gnu-tools-for-stm32.11.3.rel1.win32_1.1.100.202309141235/tools/bin/../lib/gcc/arm-none-eabi/11.3.1/thumb/v7e-m+fp/hard\libgcc.a(_arm_unorddf2.o)
 .ARM.attributes
                0x000000000000076b       0x1e C:/ST/STM32CubeIDE_1.14.0/STM32CubeIDE/plugins/com.st.stm32cube.ide.mcu.externaltools.gnu-tools-for-stm32.11.3.rel1.win32_1.1.100.202309141235/tools/bin/../lib/gcc/arm-none-eabi/11.3.1/thumb/v7e-m+fp/hard\libgcc.a(_arm_fixdfsi.o)
 .ARM.attributes
                0x0000000000000789       0x1e C:/ST/STM32CubeIDE_1.14.0/STM32CubeIDE/plugins/com.st.stm32cube.ide.mcu.externaltools.gnu-tools-for-stm32.11.3.rel1.win32_1.1.100.202309141235/tools/bin/../lib/gcc/arm-none-eabi/11.3.1/thumb/v7e-m+fp/hard/crtn.o
OUTPUT(EuclideanSequencer2.elf elf32-littlearm)
LOAD linker stubs
LOAD C:/ST/STM32CubeIDE_1.14.0/STM32CubeIDE/plugins/com.st.stm32cube.ide.mcu.externaltools.gnu-tools-for-stm32.11.3.rel1.win32_1.1.100.202309141235/tools/bin/../lib/gcc/arm-none-eabi/11.3.1/../../../../arm-none-eabi/lib/thumb/v7e-m+fp/hard\libc.a
LOAD C:/ST/STM32CubeIDE_1.14.0/STM32CubeIDE/plugins/com.st.stm32cube.ide.mcu.externaltools.gnu-tools-for-stm32.11.3.rel1.win32_1.1.100.202309141235/tools/bin/../lib/gcc/arm-none-eabi/11.3.1/../../../../arm-none-eabi/lib/thumb/v7e-m+fp/hard\libm.a
LOAD C:/ST/STM32CubeIDE_1.14.0/STM32CubeIDE/plugins/com.st.stm32cube.ide.mcu.externaltools.gnu-tools-for-stm32.11.3.rel1.win32_1.1.100.202309141235/tools/bin/../lib/gcc/arm-none-eabi/11.3.1/thumb/v7e-m+fp/hard\libgcc.a

.comment        0x0000000000000000       0x43
 .comment       0x0000000000000000       0x43 C:/ST/STM32CubeIDE_1.14.0/STM32CubeIDE/plugins/com.st.stm32cube.ide.mcu.externaltools.gnu-tools-for-stm32.11.3.rel1.win32_1.1.100.202309141235/tools/bin/../lib/gcc/arm-none-eabi/11.3.1/thumb/v7e-m+fp/hard/crtbegin.o
                                         0x44 (size before relaxing)
 .comment       0x0000000000000043       0x44 ./Core/Src/CVSequencer.o
 .comment       0x0000000000000043       0x44 ./Core/Src/DisplayPattern.o
 .comment       0x0000000000000043       0x44 ./Core/Src/Sequencer.o
 .comment       0x0000000000000043       0x44 ./Core/Src/Track.o
 .comment       0x0000000000000043       0x44 ./Core/Src/Utils.o
 .comment       0x0000000000000043       0x44 ./Core/Src/main.o
 .comment       0x0000000000000043       0x44 ./Core/Src/stm32l4xx_hal_msp.o
 .comment       0x0000000000000043       0x44 ./Core/Src/stm32l4xx_it.o
 .comment       0x0000000000000043       0x44 ./Core/Src/system_stm32l4xx.o
 .comment       0x0000000000000043       0x44 ./Drivers/STM32L4xx_HAL_Driver/Src/stm32l4xx_hal.o
 .comment       0x0000000000000043       0x44 ./Drivers/STM32L4xx_HAL_Driver/Src/stm32l4xx_hal_adc.o
 .comment       0x0000000000000043       0x44 ./Drivers/STM32L4xx_HAL_Driver/Src/stm32l4xx_hal_adc_ex.o
 .comment       0x0000000000000043       0x44 ./Drivers/STM32L4xx_HAL_Driver/Src/stm32l4xx_hal_cortex.o
 .comment       0x0000000000000043       0x44 ./Drivers/STM32L4xx_HAL_Driver/Src/stm32l4xx_hal_dac.o
 .comment       0x0000000000000043       0x44 ./Drivers/STM32L4xx_HAL_Driver/Src/stm32l4xx_hal_dac_ex.o
 .comment       0x0000000000000043       0x44 ./Drivers/STM32L4xx_HAL_Driver/Src/stm32l4xx_hal_dma.o
 .comment       0x0000000000000043       0x44 ./Drivers/STM32L4xx_HAL_Driver/Src/stm32l4xx_hal_gpio.o
 .comment       0x0000000000000043       0x44 ./Drivers/STM32L4xx_HAL_Driver/Src/stm32l4xx_hal_pwr_ex.o
 .comment       0x0000000000000043       0x44 ./Drivers/STM32L4xx_HAL_Driver/Src/stm32l4xx_hal_rcc.o
 .comment       0x0000000000000043       0x44 ./Drivers/STM32L4xx_HAL_Driver/Src/stm32l4xx_hal_rcc_ex.o
 .comment       0x0000000000000043       0x44 ./Drivers/STM32L4xx_HAL_Driver/Src/stm32l4xx_hal_tim.o
 .comment       0x0000000000000043       0x44 ./Drivers/STM32L4xx_HAL_Driver/Src/stm32l4xx_hal_tim_ex.o

.debug_info     0x0000000000000000    0x14500
 .debug_info    0x0000000000000000      0xc76 ./Core/Src/CVSequencer.o
 .debug_info    0x0000000000000c76      0x29e ./Core/Src/DisplayPattern.o
 .debug_info    0x0000000000000f14      0xfaf ./Core/Src/Sequencer.o
 .debug_info    0x0000000000001ec3      0x5c9 ./Core/Src/Track.o
 .debug_info    0x000000000000248c      0x261 ./Core/Src/Utils.o
 .debug_info    0x00000000000026ed     0x20ca ./Core/Src/main.o
 .debug_info    0x00000000000047b7     0x14be ./Core/Src/stm32l4xx_hal_msp.o
 .debug_info    0x0000000000005c75      0x9ed ./Core/Src/stm32l4xx_it.o
 .debug_info    0x0000000000006662      0x5b1 ./Core/Src/system_stm32l4xx.o
 .debug_info    0x0000000000006c13       0x23 ./Core/Startup/startup_stm32l476rgtx.o
 .debug_info    0x0000000000006c36      0xc09 ./Drivers/STM32L4xx_HAL_Driver/Src/stm32l4xx_hal.o
 .debug_info    0x000000000000783f     0x1db8 ./Drivers/STM32L4xx_HAL_Driver/Src/stm32l4xx_hal_adc.o
 .debug_info    0x00000000000095f7     0x1b24 ./Drivers/STM32L4xx_HAL_Driver/Src/stm32l4xx_hal_adc_ex.o
 .debug_info    0x000000000000b11b      0xd4c ./Drivers/STM32L4xx_HAL_Driver/Src/stm32l4xx_hal_cortex.o
 .debug_info    0x000000000000be67      0xa6f ./Drivers/STM32L4xx_HAL_Driver/Src/stm32l4xx_hal_dac.o
 .debug_info    0x000000000000c8d6      0x8e4 ./Drivers/STM32L4xx_HAL_Driver/Src/stm32l4xx_hal_dac_ex.o
 .debug_info    0x000000000000d1ba      0x6f4 ./Drivers/STM32L4xx_HAL_Driver/Src/stm32l4xx_hal_dma.o
 .debug_info    0x000000000000d8ae      0x757 ./Drivers/STM32L4xx_HAL_Driver/Src/stm32l4xx_hal_gpio.o
 .debug_info    0x000000000000e005      0x99e ./Drivers/STM32L4xx_HAL_Driver/Src/stm32l4xx_hal_pwr_ex.o
 .debug_info    0x000000000000e9a3      0xc14 ./Drivers/STM32L4xx_HAL_Driver/Src/stm32l4xx_hal_rcc.o
 .debug_info    0x000000000000f5b7      0xe11 ./Drivers/STM32L4xx_HAL_Driver/Src/stm32l4xx_hal_rcc_ex.o
 .debug_info    0x00000000000103c8     0x2a9a ./Drivers/STM32L4xx_HAL_Driver/Src/stm32l4xx_hal_tim.o
 .debug_info    0x0000000000012e62     0x169e ./Drivers/STM32L4xx_HAL_Driver/Src/stm32l4xx_hal_tim_ex.o

.debug_abbrev   0x0000000000000000     0x305c
 .debug_abbrev  0x0000000000000000      0x1a9 ./Core/Src/CVSequencer.o
 .debug_abbrev  0x00000000000001a9      0x189 ./Core/Src/DisplayPattern.o
 .debug_abbrev  0x0000000000000332      0x253 ./Core/Src/Sequencer.o
 .debug_abbrev  0x0000000000000585      0x1c9 ./Core/Src/Track.o
 .debug_abbrev  0x000000000000074e      0x13d ./Core/Src/Utils.o
 .debug_abbrev  0x000000000000088b      0x2ef ./Core/Src/main.o
 .debug_abbrev  0x0000000000000b7a      0x25a ./Core/Src/stm32l4xx_hal_msp.o
 .debug_abbrev  0x0000000000000dd4      0x1af ./Core/Src/stm32l4xx_it.o
 .debug_abbrev  0x0000000000000f83      0x11a ./Core/Src/system_stm32l4xx.o
 .debug_abbrev  0x000000000000109d       0x12 ./Core/Startup/startup_stm32l476rgtx.o
 .debug_abbrev  0x00000000000010af      0x243 ./Drivers/STM32L4xx_HAL_Driver/Src/stm32l4xx_hal.o
 .debug_abbrev  0x00000000000012f2      0x2de ./Drivers/STM32L4xx_HAL_Driver/Src/stm32l4xx_hal_adc.o
 .debug_abbrev  0x00000000000015d0      0x2f1 ./Drivers/STM32L4xx_HAL_Driver/Src/stm32l4xx_hal_adc_ex.o
 .debug_abbrev  0x00000000000018c1      0x327 ./Drivers/STM32L4xx_HAL_Driver/Src/stm32l4xx_hal_cortex.o
 .debug_abbrev  0x0000000000001be8      0x21b ./Drivers/STM32L4xx_HAL_Driver/Src/stm32l4xx_hal_dac.o
 .debug_abbrev  0x0000000000001e03      0x245 ./Drivers/STM32L4xx_HAL_Driver/Src/stm32l4xx_hal_dac_ex.o
 .debug_abbrev  0x0000000000002048      0x1e4 ./Drivers/STM32L4xx_HAL_Driver/Src/stm32l4xx_hal_dma.o
 .debug_abbrev  0x000000000000222c      0x1cb ./Drivers/STM32L4xx_HAL_Driver/Src/stm32l4xx_hal_gpio.o
 .debug_abbrev  0x00000000000023f7      0x1f9 ./Drivers/STM32L4xx_HAL_Driver/Src/stm32l4xx_hal_pwr_ex.o
 .debug_abbrev  0x00000000000025f0      0x2cb ./Drivers/STM32L4xx_HAL_Driver/Src/stm32l4xx_hal_rcc.o
 .debug_abbrev  0x00000000000028bb      0x2a6 ./Drivers/STM32L4xx_HAL_Driver/Src/stm32l4xx_hal_rcc_ex.o
 .debug_abbrev  0x0000000000002b61      0x278 ./Drivers/STM32L4xx_HAL_Driver/Src/stm32l4xx_hal_tim.o
 .debug_abbrev  0x0000000000002dd9      0x283 ./Drivers/STM32L4xx_HAL_Driver/Src/stm32l4xx_hal_tim_ex.o

.debug_aranges  0x0000000000000000     0x1390
 .debug_aranges
                0x0000000000000000       0x40 ./Core/Src/CVSequencer.o
 .debug_aranges
                0x0000000000000040       0x20 ./Core/Src/DisplayPattern.o
 .debug_aranges
                0x0000000000000060       0xa0 ./Core/Src/Sequencer.o
 .debug_aranges
                0x0000000000000100       0x58 ./Core/Src/Track.o
 .debug_aranges
                0x0000000000000158       0x30 ./Core/Src/Utils.o
 .debug_aranges
                0x0000000000000188       0x78 ./Core/Src/main.o
 .debug_aranges
                0x0000000000000200       0x50 ./Core/Src/stm32l4xx_hal_msp.o
 .debug_aranges
                0x0000000000000250       0xb0 ./Core/Src/stm32l4xx_it.o
 .debug_aranges
                0x0000000000000300       0x28 ./Core/Src/system_stm32l4xx.o
 .debug_aranges
                0x0000000000000328       0x28 ./Core/Startup/startup_stm32l476rgtx.o
 .debug_aranges
                0x0000000000000350      0x130 ./Drivers/STM32L4xx_HAL_Driver/Src/stm32l4xx_hal.o
 .debug_aranges
                0x0000000000000480      0x220 ./Drivers/STM32L4xx_HAL_Driver/Src/stm32l4xx_hal_adc.o
 .debug_aranges
                0x00000000000006a0      0x1a8 ./Drivers/STM32L4xx_HAL_Driver/Src/stm32l4xx_hal_adc_ex.o
 .debug_aranges
                0x0000000000000848      0x118 ./Drivers/STM32L4xx_HAL_Driver/Src/stm32l4xx_hal_cortex.o
 .debug_aranges
                0x0000000000000960       0xc0 ./Drivers/STM32L4xx_HAL_Driver/Src/stm32l4xx_hal_dac.o
 .debug_aranges
                0x0000000000000a20       0x88 ./Drivers/STM32L4xx_HAL_Driver/Src/stm32l4xx_hal_dac_ex.o
 .debug_aranges
                0x0000000000000aa8       0x80 ./Drivers/STM32L4xx_HAL_Driver/Src/stm32l4xx_hal_dma.o
 .debug_aranges
                0x0000000000000b28       0x58 ./Drivers/STM32L4xx_HAL_Driver/Src/stm32l4xx_hal_gpio.o
 .debug_aranges
                0x0000000000000b80      0x160 ./Drivers/STM32L4xx_HAL_Driver/Src/stm32l4xx_hal_pwr_ex.o
 .debug_aranges
                0x0000000000000ce0       0x90 ./Drivers/STM32L4xx_HAL_Driver/Src/stm32l4xx_hal_rcc.o
 .debug_aranges
                0x0000000000000d70       0xc0 ./Drivers/STM32L4xx_HAL_Driver/Src/stm32l4xx_hal_rcc_ex.o
 .debug_aranges
                0x0000000000000e30      0x3e0 ./Drivers/STM32L4xx_HAL_Driver/Src/stm32l4xx_hal_tim.o
 .debug_aranges
                0x0000000000001210      0x180 ./Drivers/STM32L4xx_HAL_Driver/Src/stm32l4xx_hal_tim_ex.o

.debug_rnglists
                0x0000000000000000      0xf08
 .debug_rnglists
                0x0000000000000000       0x2b ./Core/Src/CVSequencer.o
 .debug_rnglists
                0x000000000000002b       0x14 ./Core/Src/DisplayPattern.o
 .debug_rnglists
                0x000000000000003f       0x78 ./Core/Src/Sequencer.o
 .debug_rnglists
                0x00000000000000b7       0x43 ./Core/Src/Track.o
 .debug_rnglists
                0x00000000000000fa       0x21 ./Core/Src/Utils.o
 .debug_rnglists
                0x000000000000011b       0x5a ./Core/Src/main.o
 .debug_rnglists
                0x0000000000000175       0x3a ./Core/Src/stm32l4xx_hal_msp.o
 .debug_rnglists
                0x00000000000001af       0x7f ./Core/Src/stm32l4xx_it.o
 .debug_rnglists
                0x000000000000022e       0x1a ./Core/Src/system_stm32l4xx.o
 .debug_rnglists
                0x0000000000000248       0x19 ./Core/Startup/startup_stm32l476rgtx.o
 .debug_rnglists
                0x0000000000000261       0xdf ./Drivers/STM32L4xx_HAL_Driver/Src/stm32l4xx_hal.o
 .debug_rnglists
                0x0000000000000340      0x1b1 ./Drivers/STM32L4xx_HAL_Driver/Src/stm32l4xx_hal_adc.o
 .debug_rnglists
                0x00000000000004f1      0x148 ./Drivers/STM32L4xx_HAL_Driver/Src/stm32l4xx_hal_adc_ex.o
 .debug_rnglists
                0x0000000000000639       0xce ./Drivers/STM32L4xx_HAL_Driver/Src/stm32l4xx_hal_cortex.o
 .debug_rnglists
                0x0000000000000707       0x90 ./Drivers/STM32L4xx_HAL_Driver/Src/stm32l4xx_hal_dac.o
 .debug_rnglists
                0x0000000000000797       0x62 ./Drivers/STM32L4xx_HAL_Driver/Src/stm32l4xx_hal_dac_ex.o
 .debug_rnglists
                0x00000000000007f9       0x64 ./Drivers/STM32L4xx_HAL_Driver/Src/stm32l4xx_hal_dma.o
 .debug_rnglists
                0x000000000000085d       0x3f ./Drivers/STM32L4xx_HAL_Driver/Src/stm32l4xx_hal_gpio.o
 .debug_rnglists
                0x000000000000089c      0x109 ./Drivers/STM32L4xx_HAL_Driver/Src/stm32l4xx_hal_pwr_ex.o
 .debug_rnglists
                0x00000000000009a5       0x6d ./Drivers/STM32L4xx_HAL_Driver/Src/stm32l4xx_hal_rcc.o
 .debug_rnglists
                0x0000000000000a12       0x95 ./Drivers/STM32L4xx_HAL_Driver/Src/stm32l4xx_hal_rcc_ex.o
 .debug_rnglists
                0x0000000000000aa7      0x328 ./Drivers/STM32L4xx_HAL_Driver/Src/stm32l4xx_hal_tim.o
 .debug_rnglists
                0x0000000000000dcf      0x139 ./Drivers/STM32L4xx_HAL_Driver/Src/stm32l4xx_hal_tim_ex.o

.debug_macro    0x0000000000000000    0x29699
 .debug_macro   0x0000000000000000      0x2a5 ./Core/Src/CVSequencer.o
 .debug_macro   0x00000000000002a5      0xaa8 ./Core/Src/CVSequencer.o
 .debug_macro   0x0000000000000d4d       0x22 ./Core/Src/CVSequencer.o
 .debug_macro   0x0000000000000d6f       0x5b ./Core/Src/CVSequencer.o
 .debug_macro   0x0000000000000dca       0x2a ./Core/Src/CVSequencer.o
 .debug_macro   0x0000000000000df4       0x94 ./Core/Src/CVSequencer.o
 .debug_macro   0x0000000000000e88       0x43 ./Core/Src/CVSequencer.o
 .debug_macro   0x0000000000000ecb       0x34 ./Core/Src/CVSequencer.o
 .debug_macro   0x0000000000000eff      0x174 ./Core/Src/CVSequencer.o
 .debug_macro   0x0000000000001073       0x16 ./Core/Src/CVSequencer.o
 .debug_macro   0x0000000000001089       0x43 ./Core/Src/CVSequencer.o
 .debug_macro   0x00000000000010cc       0x57 ./Core/Src/CVSequencer.o
 .debug_macro   0x0000000000001123       0x34 ./Core/Src/CVSequencer.o
 .debug_macro   0x0000000000001157       0x10 ./Core/Src/CVSequencer.o
 .debug_macro   0x0000000000001167       0x58 ./Core/Src/CVSequencer.o
 .debug_macro   0x00000000000011bf       0x8e ./Core/Src/CVSequencer.o
 .debug_macro   0x000000000000124d       0x1c ./Core/Src/CVSequencer.o
 .debug_macro   0x0000000000001269      0x177 ./Core/Src/CVSequencer.o
 .debug_macro   0x00000000000013e0      0x369 ./Core/Src/CVSequencer.o
 .debug_macro   0x0000000000001749      0x19b ./Core/Src/CVSequencer.o
 .debug_macro   0x00000000000018e4      0x1ad ./Core/Src/CVSequencer.o
 .debug_macro   0x0000000000001a91       0x2e ./Core/Src/CVSequencer.o
 .debug_macro   0x0000000000001abf       0x28 ./Core/Src/CVSequencer.o
 .debug_macro   0x0000000000001ae7      0x103 ./Core/Src/CVSequencer.o
 .debug_macro   0x0000000000001bea       0x6a ./Core/Src/CVSequencer.o
 .debug_macro   0x0000000000001c54      0x1df ./Core/Src/CVSequencer.o
 .debug_macro   0x0000000000001e33       0x1c ./Core/Src/CVSequencer.o
 .debug_macro   0x0000000000001e4f       0x22 ./Core/Src/CVSequencer.o
 .debug_macro   0x0000000000001e71       0xfb ./Core/Src/CVSequencer.o
 .debug_macro   0x0000000000001f6c     0x1011 ./Core/Src/CVSequencer.o
 .debug_macro   0x0000000000002f7d      0x11f ./Core/Src/CVSequencer.o
 .debug_macro   0x000000000000309c    0x1a17a ./Core/Src/CVSequencer.o
 .debug_macro   0x000000000001d216       0x6d ./Core/Src/CVSequencer.o
 .debug_macro   0x000000000001d283     0x38e6 ./Core/Src/CVSequencer.o
 .debug_macro   0x0000000000020b69       0x56 ./Core/Src/CVSequencer.o
 .debug_macro   0x0000000000020bbf     0x159e ./Core/Src/CVSequencer.o
 .debug_macro   0x000000000002215d      0x5a5 ./Core/Src/CVSequencer.o
 .debug_macro   0x0000000000022702      0x1b9 ./Core/Src/CVSequencer.o
 .debug_macro   0x00000000000228bb      0x18b ./Core/Src/CVSequencer.o
 .debug_macro   0x0000000000022a46      0x26b ./Core/Src/CVSequencer.o
 .debug_macro   0x0000000000022cb1      0x23d ./Core/Src/CVSequencer.o
 .debug_macro   0x0000000000022eee      0xf91 ./Core/Src/CVSequencer.o
 .debug_macro   0x0000000000023e7f      0x632 ./Core/Src/CVSequencer.o
 .debug_macro   0x00000000000244b1      0x30c ./Core/Src/CVSequencer.o
 .debug_macro   0x00000000000247bd      0x153 ./Core/Src/CVSequencer.o
 .debug_macro   0x0000000000024910       0xd8 ./Core/Src/CVSequencer.o
 .debug_macro   0x00000000000249e8      0x241 ./Core/Src/CVSequencer.o
 .debug_macro   0x0000000000024c29      0x37c ./Core/Src/CVSequencer.o
 .debug_macro   0x0000000000024fa5       0xd6 ./Core/Src/CVSequencer.o
 .debug_macro   0x000000000002507b      0x122 ./Core/Src/CVSequencer.o
 .debug_macro   0x000000000002519d      0x3ef ./Core/Src/CVSequencer.o
 .debug_macro   0x000000000002558c      0xa98 ./Core/Src/CVSequencer.o
 .debug_macro   0x0000000000026024      0x1e6 ./Core/Src/CVSequencer.o
 .debug_macro   0x000000000002620a      0x330 ./Core/Src/CVSequencer.o
 .debug_macro   0x000000000002653a       0x22 ./Core/Src/CVSequencer.o
 .debug_macro   0x000000000002655c      0x2b0 ./Core/Src/DisplayPattern.o
 .debug_macro   0x000000000002680c       0x8e ./Core/Src/DisplayPattern.o
 .debug_macro   0x000000000002689a       0x51 ./Core/Src/DisplayPattern.o
 .debug_macro   0x00000000000268eb       0x5c ./Core/Src/DisplayPattern.o
 .debug_macro   0x0000000000026947       0x61 ./Core/Src/DisplayPattern.o
 .debug_macro   0x00000000000269a8       0x10 ./Core/Src/DisplayPattern.o
 .debug_macro   0x00000000000269b8      0x2be ./Core/Src/Sequencer.o
 .debug_macro   0x0000000000026c76       0x16 ./Core/Src/Sequencer.o
 .debug_macro   0x0000000000026c8c      0x2b4 ./Core/Src/Track.o
 .debug_macro   0x0000000000026f40      0x2a1 ./Core/Src/Utils.o
 .debug_macro   0x00000000000271e1      0x2dd ./Core/Src/main.o
 .debug_macro   0x00000000000274be      0x259 ./Core/Src/main.o
 .debug_macro   0x0000000000027717      0x1f2 ./Core/Src/stm32l4xx_hal_msp.o
 .debug_macro   0x0000000000027909      0x1fc ./Core/Src/stm32l4xx_it.o
 .debug_macro   0x0000000000027b05      0x1e3 ./Core/Src/system_stm32l4xx.o
 .debug_macro   0x0000000000027ce8      0x231 ./Drivers/STM32L4xx_HAL_Driver/Src/stm32l4xx_hal.o
 .debug_macro   0x0000000000027f19      0x200 ./Drivers/STM32L4xx_HAL_Driver/Src/stm32l4xx_hal_adc.o
 .debug_macro   0x0000000000028119      0x1ef ./Drivers/STM32L4xx_HAL_Driver/Src/stm32l4xx_hal_adc_ex.o
 .debug_macro   0x0000000000028308      0x1e3 ./Drivers/STM32L4xx_HAL_Driver/Src/stm32l4xx_hal_cortex.o
 .debug_macro   0x00000000000284eb      0x1f2 ./Drivers/STM32L4xx_HAL_Driver/Src/stm32l4xx_hal_dac.o
 .debug_macro   0x00000000000286dd      0x1e3 ./Drivers/STM32L4xx_HAL_Driver/Src/stm32l4xx_hal_dac_ex.o
 .debug_macro   0x00000000000288c0      0x1e3 ./Drivers/STM32L4xx_HAL_Driver/Src/stm32l4xx_hal_dma.o
 .debug_macro   0x0000000000028aa3      0x1ea ./Drivers/STM32L4xx_HAL_Driver/Src/stm32l4xx_hal_gpio.o
 .debug_macro   0x0000000000028c8d      0x207 ./Drivers/STM32L4xx_HAL_Driver/Src/stm32l4xx_hal_pwr_ex.o
 .debug_macro   0x0000000000028e94      0x225 ./Drivers/STM32L4xx_HAL_Driver/Src/stm32l4xx_hal_rcc.o
 .debug_macro   0x00000000000290b9      0x219 ./Drivers/STM32L4xx_HAL_Driver/Src/stm32l4xx_hal_rcc_ex.o
 .debug_macro   0x00000000000292d2      0x1e4 ./Drivers/STM32L4xx_HAL_Driver/Src/stm32l4xx_hal_tim.o
 .debug_macro   0x00000000000294b6      0x1e3 ./Drivers/STM32L4xx_HAL_Driver/Src/stm32l4xx_hal_tim_ex.o

.debug_line     0x0000000000000000    0x16ce1
 .debug_line    0x0000000000000000      0x9c8 ./Core/Src/CVSequencer.o
 .debug_line    0x00000000000009c8      0x966 ./Core/Src/DisplayPattern.o
 .debug_line    0x000000000000132e      0xcd6 ./Core/Src/Sequencer.o
 .debug_line    0x0000000000002004      0xac6 ./Core/Src/Track.o
 .debug_line    0x0000000000002aca      0x97b ./Core/Src/Utils.o
 .debug_line    0x0000000000003445      0xd1c ./Core/Src/main.o
 .debug_line    0x0000000000004161      0x95a ./Core/Src/stm32l4xx_hal_msp.o
 .debug_line    0x0000000000004abb      0x94c ./Core/Src/stm32l4xx_it.o
 .debug_line    0x0000000000005407      0x82c ./Core/Src/system_stm32l4xx.o
 .debug_line    0x0000000000005c33       0x7a ./Core/Startup/startup_stm32l476rgtx.o
 .debug_line    0x0000000000005cad      0xb85 ./Drivers/STM32L4xx_HAL_Driver/Src/stm32l4xx_hal.o
 .debug_line    0x0000000000006832     0x1f91 ./Drivers/STM32L4xx_HAL_Driver/Src/stm32l4xx_hal_adc.o
 .debug_line    0x00000000000087c3     0x19b5 ./Drivers/STM32L4xx_HAL_Driver/Src/stm32l4xx_hal_adc_ex.o
 .debug_line    0x000000000000a178      0xd2b ./Drivers/STM32L4xx_HAL_Driver/Src/stm32l4xx_hal_cortex.o
 .debug_line    0x000000000000aea3      0xc6a ./Drivers/STM32L4xx_HAL_Driver/Src/stm32l4xx_hal_dac.o
 .debug_line    0x000000000000bb0d      0xa8a ./Drivers/STM32L4xx_HAL_Driver/Src/stm32l4xx_hal_dac_ex.o
 .debug_line    0x000000000000c597      0xd75 ./Drivers/STM32L4xx_HAL_Driver/Src/stm32l4xx_hal_dma.o
 .debug_line    0x000000000000d30c      0xbf8 ./Drivers/STM32L4xx_HAL_Driver/Src/stm32l4xx_hal_gpio.o
 .debug_line    0x000000000000df04      0xd7c ./Drivers/STM32L4xx_HAL_Driver/Src/stm32l4xx_hal_pwr_ex.o
 .debug_line    0x000000000000ec80      0xffb ./Drivers/STM32L4xx_HAL_Driver/Src/stm32l4xx_hal_rcc.o
 .debug_line    0x000000000000fc7b     0x1575 ./Drivers/STM32L4xx_HAL_Driver/Src/stm32l4xx_hal_rcc_ex.o
 .debug_line    0x00000000000111f0     0x3e5e ./Drivers/STM32L4xx_HAL_Driver/Src/stm32l4xx_hal_tim.o
 .debug_line    0x000000000001504e     0x1c93 ./Drivers/STM32L4xx_HAL_Driver/Src/stm32l4xx_hal_tim_ex.o

.debug_str      0x0000000000000000   0x10303f
 .debug_str     0x0000000000000000    0xfcdf8 ./Core/Src/CVSequencer.o
                                      0xfd3af (size before relaxing)
 .debug_str     0x00000000000fcdf8       0x97 ./Core/Src/DisplayPattern.o
                                      0xfcd13 (size before relaxing)
 .debug_str     0x00000000000fce8f      0x617 ./Core/Src/Sequencer.o
                                      0xfd5f8 (size before relaxing)
 .debug_str     0x00000000000fd4a6       0x51 ./Core/Src/Track.o
                                      0xfceb2 (size before relaxing)
 .debug_str     0x00000000000fd4f7       0x87 ./Core/Src/Utils.o
                                      0xfccc5 (size before relaxing)
 .debug_str     0x00000000000fd57e     0x1617 ./Core/Src/main.o
                                      0xff04f (size before relaxing)
 .debug_str     0x00000000000feb95       0xea ./Core/Src/stm32l4xx_hal_msp.o
                                      0xface2 (size before relaxing)
 .debug_str     0x00000000000fec7f      0x1da ./Core/Src/stm32l4xx_it.o
                                      0xfa455 (size before relaxing)
 .debug_str     0x00000000000fee59       0xf2 ./Core/Src/system_stm32l4xx.o
                                      0xf94c3 (size before relaxing)
 .debug_str     0x00000000000fef4b       0x34 ./Core/Startup/startup_stm32l476rgtx.o
                                         0x7a (size before relaxing)
 .debug_str     0x00000000000fef7f      0x69d ./Drivers/STM32L4xx_HAL_Driver/Src/stm32l4xx_hal.o
                                      0xfa0c2 (size before relaxing)
 .debug_str     0x00000000000ff61c      0xa82 ./Drivers/STM32L4xx_HAL_Driver/Src/stm32l4xx_hal_adc.o
                                      0xfa30a (size before relaxing)
 .debug_str     0x000000000010009e      0x665 ./Drivers/STM32L4xx_HAL_Driver/Src/stm32l4xx_hal_adc_ex.o
                                      0xfa2b3 (size before relaxing)
 .debug_str     0x0000000000100703      0x331 ./Drivers/STM32L4xx_HAL_Driver/Src/stm32l4xx_hal_cortex.o
                                      0xf9d0a (size before relaxing)
 .debug_str     0x0000000000100a34      0x205 ./Drivers/STM32L4xx_HAL_Driver/Src/stm32l4xx_hal_dac.o
                                      0xf998f (size before relaxing)
 .debug_str     0x0000000000100c39      0x192 ./Drivers/STM32L4xx_HAL_Driver/Src/stm32l4xx_hal_dac_ex.o
                                      0xf98be (size before relaxing)
 .debug_str     0x0000000000100dcb      0x205 ./Drivers/STM32L4xx_HAL_Driver/Src/stm32l4xx_hal_dma.o
                                      0xf972d (size before relaxing)
 .debug_str     0x0000000000100fd0       0xd9 ./Drivers/STM32L4xx_HAL_Driver/Src/stm32l4xx_hal_gpio.o
                                      0xf963c (size before relaxing)
 .debug_str     0x00000000001010a9      0x4d3 ./Drivers/STM32L4xx_HAL_Driver/Src/stm32l4xx_hal_pwr_ex.o
                                      0xf9a1e (size before relaxing)
 .debug_str     0x000000000010157c      0x345 ./Drivers/STM32L4xx_HAL_Driver/Src/stm32l4xx_hal_rcc.o
                                      0xf9b09 (size before relaxing)
 .debug_str     0x00000000001018c1      0x3bf ./Drivers/STM32L4xx_HAL_Driver/Src/stm32l4xx_hal_rcc_ex.o
                                      0xf9c82 (size before relaxing)
 .debug_str     0x0000000000101c80      0xe40 ./Drivers/STM32L4xx_HAL_Driver/Src/stm32l4xx_hal_tim.o
                                      0xfa803 (size before relaxing)
 .debug_str     0x0000000000102ac0      0x57f ./Drivers/STM32L4xx_HAL_Driver/Src/stm32l4xx_hal_tim_ex.o
                                      0xfa117 (size before relaxing)

.debug_frame    0x0000000000000000     0x5690
 .debug_frame   0x0000000000000000       0xc8 ./Core/Src/CVSequencer.o
 .debug_frame   0x00000000000000c8       0x38 ./Core/Src/DisplayPattern.o
 .debug_frame   0x0000000000000100      0x2b4 ./Core/Src/Sequencer.o
 .debug_frame   0x00000000000003b4      0x150 ./Core/Src/Track.o
 .debug_frame   0x0000000000000504       0x84 ./Core/Src/Utils.o
 .debug_frame   0x0000000000000588      0x1b8 ./Core/Src/main.o
 .debug_frame   0x0000000000000740      0x114 ./Core/Src/stm32l4xx_hal_msp.o
 .debug_frame   0x0000000000000854      0x21c ./Core/Src/stm32l4xx_it.o
 .debug_frame   0x0000000000000a70       0x58 ./Core/Src/system_stm32l4xx.o
 .debug_frame   0x0000000000000ac8      0x498 ./Drivers/STM32L4xx_HAL_Driver/Src/stm32l4xx_hal.o
 .debug_frame   0x0000000000000f60      0xa04 ./Drivers/STM32L4xx_HAL_Driver/Src/stm32l4xx_hal_adc.o
 .debug_frame   0x0000000000001964      0x7a4 ./Drivers/STM32L4xx_HAL_Driver/Src/stm32l4xx_hal_adc_ex.o
 .debug_frame   0x0000000000002108      0x498 ./Drivers/STM32L4xx_HAL_Driver/Src/stm32l4xx_hal_cortex.o
 .debug_frame   0x00000000000025a0      0x338 ./Drivers/STM32L4xx_HAL_Driver/Src/stm32l4xx_hal_dac.o
 .debug_frame   0x00000000000028d8      0x234 ./Drivers/STM32L4xx_HAL_Driver/Src/stm32l4xx_hal_dac_ex.o
 .debug_frame   0x0000000000002b0c      0x204 ./Drivers/STM32L4xx_HAL_Driver/Src/stm32l4xx_hal_dma.o
 .debug_frame   0x0000000000002d10      0x14c ./Drivers/STM32L4xx_HAL_Driver/Src/stm32l4xx_hal_gpio.o
 .debug_frame   0x0000000000002e5c      0x584 ./Drivers/STM32L4xx_HAL_Driver/Src/stm32l4xx_hal_pwr_ex.o
 .debug_frame   0x00000000000033e0      0x21c ./Drivers/STM32L4xx_HAL_Driver/Src/stm32l4xx_hal_rcc.o
 .debug_frame   0x00000000000035fc      0x2fc ./Drivers/STM32L4xx_HAL_Driver/Src/stm32l4xx_hal_rcc_ex.o
 .debug_frame   0x00000000000038f8     0x1218 ./Drivers/STM32L4xx_HAL_Driver/Src/stm32l4xx_hal_tim.o
 .debug_frame   0x0000000000004b10      0x6b0 ./Drivers/STM32L4xx_HAL_Driver/Src/stm32l4xx_hal_tim_ex.o
 .debug_frame   0x00000000000051c0      0x144 C:/ST/STM32CubeIDE_1.14.0/STM32CubeIDE/plugins/com.st.stm32cube.ide.mcu.externaltools.gnu-tools-for-stm32.11.3.rel1.win32_1.1.100.202309141235/tools/bin/../lib/gcc/arm-none-eabi/11.3.1/../../../../arm-none-eabi/lib/thumb/v7e-m+fp/hard\libc_nano.a(libc_a-findfp.o)
 .debug_frame   0x0000000000005304       0x20 C:/ST/STM32CubeIDE_1.14.0/STM32CubeIDE/plugins/com.st.stm32cube.ide.mcu.externaltools.gnu-tools-for-stm32.11.3.rel1.win32_1.1.100.202309141235/tools/bin/../lib/gcc/arm-none-eabi/11.3.1/../../../../arm-none-eabi/lib/thumb/v7e-m+fp/hard\libc_nano.a(libc_a-memset.o)
 .debug_frame   0x0000000000005324       0x20 C:/ST/STM32CubeIDE_1.14.0/STM32CubeIDE/plugins/com.st.stm32cube.ide.mcu.externaltools.gnu-tools-for-stm32.11.3.rel1.win32_1.1.100.202309141235/tools/bin/../lib/gcc/arm-none-eabi/11.3.1/../../../../arm-none-eabi/lib/thumb/v7e-m+fp/hard\libc_nano.a(libc_a-errno.o)
 .debug_frame   0x0000000000005344       0x2c C:/ST/STM32CubeIDE_1.14.0/STM32CubeIDE/plugins/com.st.stm32cube.ide.mcu.externaltools.gnu-tools-for-stm32.11.3.rel1.win32_1.1.100.202309141235/tools/bin/../lib/gcc/arm-none-eabi/11.3.1/../../../../arm-none-eabi/lib/thumb/v7e-m+fp/hard\libc_nano.a(libc_a-init.o)
 .debug_frame   0x0000000000005370       0x28 C:/ST/STM32CubeIDE_1.14.0/STM32CubeIDE/plugins/com.st.stm32cube.ide.mcu.externaltools.gnu-tools-for-stm32.11.3.rel1.win32_1.1.100.202309141235/tools/bin/../lib/gcc/arm-none-eabi/11.3.1/../../../../arm-none-eabi/lib/thumb/v7e-m+fp/hard\libc_nano.a(libc_a-memcpy-stub.o)
 .debug_frame   0x0000000000005398       0x4c C:/ST/STM32CubeIDE_1.14.0/STM32CubeIDE/plugins/com.st.stm32cube.ide.mcu.externaltools.gnu-tools-for-stm32.11.3.rel1.win32_1.1.100.202309141235/tools/bin/../lib/gcc/arm-none-eabi/11.3.1/../../../../arm-none-eabi/lib/thumb/v7e-m+fp/hard\libm.a(libm_a-w_log.o)
 .debug_frame   0x00000000000053e4       0x20 C:/ST/STM32CubeIDE_1.14.0/STM32CubeIDE/plugins/com.st.stm32cube.ide.mcu.externaltools.gnu-tools-for-stm32.11.3.rel1.win32_1.1.100.202309141235/tools/bin/../lib/gcc/arm-none-eabi/11.3.1/../../../../arm-none-eabi/lib/thumb/v7e-m+fp/hard\libm.a(libm_a-s_nan.o)
 .debug_frame   0x0000000000005404       0x30 C:/ST/STM32CubeIDE_1.14.0/STM32CubeIDE/plugins/com.st.stm32cube.ide.mcu.externaltools.gnu-tools-for-stm32.11.3.rel1.win32_1.1.100.202309141235/tools/bin/../lib/gcc/arm-none-eabi/11.3.1/../../../../arm-none-eabi/lib/thumb/v7e-m+fp/hard\libm.a(libm_a-s_floor.o)
 .debug_frame   0x0000000000005434       0x58 C:/ST/STM32CubeIDE_1.14.0/STM32CubeIDE/plugins/com.st.stm32cube.ide.mcu.externaltools.gnu-tools-for-stm32.11.3.rel1.win32_1.1.100.202309141235/tools/bin/../lib/gcc/arm-none-eabi/11.3.1/../../../../arm-none-eabi/lib/thumb/v7e-m+fp/hard\libm.a(libm_a-e_log.o)
 .debug_frame   0x000000000000548c       0xac C:/ST/STM32CubeIDE_1.14.0/STM32CubeIDE/plugins/com.st.stm32cube.ide.mcu.externaltools.gnu-tools-for-stm32.11.3.rel1.win32_1.1.100.202309141235/tools/bin/../lib/gcc/arm-none-eabi/11.3.1/thumb/v7e-m+fp/hard\libgcc.a(_arm_addsubdf3.o)
 .debug_frame   0x0000000000005538       0x50 C:/ST/STM32CubeIDE_1.14.0/STM32CubeIDE/plugins/com.st.stm32cube.ide.mcu.externaltools.gnu-tools-for-stm32.11.3.rel1.win32_1.1.100.202309141235/tools/bin/../lib/gcc/arm-none-eabi/11.3.1/thumb/v7e-m+fp/hard\libgcc.a(_arm_muldivdf3.o)
 .debug_frame   0x0000000000005588       0xc4 C:/ST/STM32CubeIDE_1.14.0/STM32CubeIDE/plugins/com.st.stm32cube.ide.mcu.externaltools.gnu-tools-for-stm32.11.3.rel1.win32_1.1.100.202309141235/tools/bin/../lib/gcc/arm-none-eabi/11.3.1/thumb/v7e-m+fp/hard\libgcc.a(_arm_cmpdf2.o)
 .debug_frame   0x000000000000564c       0x20 C:/ST/STM32CubeIDE_1.14.0/STM32CubeIDE/plugins/com.st.stm32cube.ide.mcu.externaltools.gnu-tools-for-stm32.11.3.rel1.win32_1.1.100.202309141235/tools/bin/../lib/gcc/arm-none-eabi/11.3.1/thumb/v7e-m+fp/hard\libgcc.a(_arm_unorddf2.o)
 .debug_frame   0x000000000000566c       0x24 C:/ST/STM32CubeIDE_1.14.0/STM32CubeIDE/plugins/com.st.stm32cube.ide.mcu.externaltools.gnu-tools-for-stm32.11.3.rel1.win32_1.1.100.202309141235/tools/bin/../lib/gcc/arm-none-eabi/11.3.1/thumb/v7e-m+fp/hard\libgcc.a(_arm_fixdfsi.o)

.debug_line_str
                0x0000000000000000       0x6e
 .debug_line_str
                0x0000000000000000       0x6e ./Core/Startup/startup_stm32l476rgtx.o
                                         0x86 (size before relaxing)