../Core/Src/Sequencer.c:3:6:Seq_initSequencer	320	static
../Core/Src/Sequencer.c:28:6:Seq_IncrementBPMDisplay	8	static
../Core/Src/Sequencer.c:34:6:Seq_DecrementBPMDisplay	16	static
../Core/Src/Sequencer.c:43:6:Seq_IncrementModeDisplay	8	static
../Core/Src/Sequencer.c:49:6:Seq_ResetModeDisplay	16	static
../Core/Src/Sequencer.c:58:6:Seq_ChangeMode	296	static
../Core/Src/Sequencer.c:85:6:Seq_modifyBPM	296	static
../Core/Src/Sequencer.c:110:6:Seq_updateBPM	16	static
../Core/Src/Sequencer.c:123:6:Seq_Error_Handler	4	static,ignoring_inline_asm
../Core/Src/Sequencer.c:134:6:Seq_computeTriggers	24	static
../Core/Src/Sequencer.c:149:6:Seq_Trigger	24	static
../Core/Src/Sequencer.c:160:6:Seq_TracksExternalInterruption	16	static
../Core/Src/Sequencer.c:181:6:Seq_updateSteps	24	static
../Core/Src/Sequencer.c:189:6:Seq_updateHits	24	static
../Core/Src/Sequencer.c:197:6:Seq_offsetPattern	24	static
../Core/Src/Sequencer.c:205:6:Seq_updateSubdivision	24	static
../Core/Src/Sequencer.c:213:6:Seq_resetTriggers	16	static,ignoring_inline_asm
